Timing Analyzer report for top_seq_timer
Thu May 14 12:09:56 2026
Quartus Prime Version 25.1std.0 Build 1129 10/21/2025 SC Lite Edition


---------------------
; Table of Contents ;
---------------------
  1. Legal Notice
  2. Timing Analyzer Summary
  3. Parallel Compilation
  4. Clocks
  5. Fmax Summary
  6. Setup Summary
  7. Hold Summary
  8. Recovery Summary
  9. Removal Summary
 10. Minimum Pulse Width Summary
 11. Setup: 'clk_in'
 12. Setup: 'clk_div:clk_div_ins|clk_out'
 13. Setup: 'timer_seq:seq0110|t[1]'
 14. Hold: 'timer_seq:seq0110|t[1]'
 15. Hold: 'clk_div:clk_div_ins|clk_out'
 16. Hold: 'clk_in'
 17. Setup Transfers
 18. Hold Transfers
 19. Report TCCS
 20. Report RSKM
 21. Unconstrained Paths Summary
 22. Clock Status Summary
 23. Unconstrained Input Ports
 24. Unconstrained Output Ports
 25. Unconstrained Input Ports
 26. Unconstrained Output Ports
 27. Timing Analyzer Messages



----------------
; Legal Notice ;
----------------
Copyright (C) 2025  Altera Corporation. All rights reserved.
Your use of Altera Corporation's design tools, logic functions 
and other software and tools, and any partner logic 
functions, and any output files from any of the foregoing 
(including device programming or simulation files), and any 
associated documentation or information are expressly subject 
to the terms and conditions of the Altera Program License 
Subscription Agreement, the Altera Quartus Prime License Agreement,
the Altera IP License Agreement, or other applicable license
agreement, including, without limitation, that your use is for
the sole purpose of programming logic devices manufactured by
Altera and sold by Altera or its authorized distributors.  Please
refer to the Altera Software License Subscription Agreements 
on the Quartus Prime software download page.



+---------------------------------------------------------------------------------+
; Timing Analyzer Summary                                                         ;
+-----------------------+---------------------------------------------------------+
; Quartus Prime Version ; Version 25.1std.0 Build 1129 10/21/2025 SC Lite Edition ;
; Timing Analyzer       ; Legacy Timing Analyzer                                  ;
; Revision Name         ; top_seq_timer                                           ;
; Device Family         ; MAX II                                                  ;
; Device Name           ; EPM240T100C5                                            ;
; Timing Models         ; Final                                                   ;
; Delay Model           ; Slow Model                                              ;
; Rise/Fall Delays      ; Unavailable                                             ;
+-----------------------+---------------------------------------------------------+


+------------------------------------------+
; Parallel Compilation                     ;
+----------------------------+-------------+
; Processors                 ; Number      ;
+----------------------------+-------------+
; Number detected on machine ; 16          ;
; Maximum allowed            ; 16          ;
;                            ;             ;
; Average used               ; 1.00        ;
; Maximum used               ; 1           ;
;                            ;             ;
; Usage by Processor         ; % Time Used ;
;     Processor 1            ; 100.0%      ;
+----------------------------+-------------+


+--------------------------------------------------------------------------------------------------------------------------------------------------------------------------------------------------------------------------+
; Clocks                                                                                                                                                                                                                   ;
+-----------------------------+------+--------+------------+-------+-------+------------+-----------+-------------+-------+--------+-----------+------------+----------+--------+--------+---------------------------------+
; Clock Name                  ; Type ; Period ; Frequency  ; Rise  ; Fall  ; Duty Cycle ; Divide by ; Multiply by ; Phase ; Offset ; Edge List ; Edge Shift ; Inverted ; Master ; Source ; Targets                         ;
+-----------------------------+------+--------+------------+-------+-------+------------+-----------+-------------+-------+--------+-----------+------------+----------+--------+--------+---------------------------------+
; clk_div:clk_div_ins|clk_out ; Base ; 1.000  ; 1000.0 MHz ; 0.000 ; 0.500 ;            ;           ;             ;       ;        ;           ;            ;          ;        ;        ; { clk_div:clk_div_ins|clk_out } ;
; clk_in                      ; Base ; 1.000  ; 1000.0 MHz ; 0.000 ; 0.500 ;            ;           ;             ;       ;        ;           ;            ;          ;        ;        ; { clk_in }                      ;
; timer_seq:seq0110|t[1]      ; Base ; 1.000  ; 1000.0 MHz ; 0.000 ; 0.500 ;            ;           ;             ;       ;        ;           ;            ;          ;        ;        ; { timer_seq:seq0110|t[1] }      ;
+-----------------------------+------+--------+------------+-------+-------+------------+-----------+-------------+-------+--------+-----------+------------+----------+--------+--------+---------------------------------+


+--------------------------------------------------------------------------------------+
; Fmax Summary                                                                         ;
+------------+-----------------+-----------------------------+-------------------------+
; Fmax       ; Restricted Fmax ; Clock Name                  ; Note                    ;
+------------+-----------------+-----------------------------+-------------------------+
; INF MHz    ; 92.01 MHz       ; timer_seq:seq0110|t[1]      ; limit due to hold check ;
; 109.39 MHz ; 109.39 MHz      ; clk_in                      ;                         ;
; 164.31 MHz ; 164.31 MHz      ; clk_div:clk_div_ins|clk_out ;                         ;
+------------+-----------------+-----------------------------+-------------------------+
This panel reports FMAX for every clock in the design, regardless of the user-specified clock periods.  FMAX is only computed for paths where the source and destination registers or ports are driven by the same clock.  Paths of different clocks, including generated clocks, are ignored.  For paths between a clock and its inversion, FMAX is computed as if the rising and falling edges are scaled along with FMAX, such that the duty cycle (in terms of a percentage) is maintained. Altera recommends that you always use clock constraints and other slack reports for sign-off analysis.


+------------------------------------------------------+
; Setup Summary                                        ;
+-----------------------------+--------+---------------+
; Clock                       ; Slack  ; End Point TNS ;
+-----------------------------+--------+---------------+
; clk_in                      ; -8.142 ; -225.807      ;
; clk_div:clk_div_ins|clk_out ; -5.086 ; -35.564       ;
; timer_seq:seq0110|t[1]      ; -2.231 ; -13.862       ;
+-----------------------------+--------+---------------+


+------------------------------------------------------+
; Hold Summary                                         ;
+-----------------------------+--------+---------------+
; Clock                       ; Slack  ; End Point TNS ;
+-----------------------------+--------+---------------+
; timer_seq:seq0110|t[1]      ; -5.434 ; -29.932       ;
; clk_div:clk_div_ins|clk_out ; -3.040 ; -16.595       ;
; clk_in                      ; -0.935 ; -0.935        ;
+-----------------------------+--------+---------------+


--------------------
; Recovery Summary ;
--------------------
No paths to report.


-------------------
; Removal Summary ;
-------------------
No paths to report.


+------------------------------------------------------+
; Minimum Pulse Width Summary                          ;
+-----------------------------+--------+---------------+
; Clock                       ; Slack  ; End Point TNS ;
+-----------------------------+--------+---------------+
; clk_in                      ; -2.289 ; -2.289        ;
; clk_div:clk_div_ins|clk_out ; 0.234  ; 0.000         ;
; timer_seq:seq0110|t[1]      ; 0.500  ; 0.000         ;
+-----------------------------+--------+---------------+


+----------------------------------------------------------------------------------------------------------------------------------------------------+
; Setup: 'clk_in'                                                                                                                                    ;
+--------+----------------------------------+----------------------------------+--------------+-------------+--------------+------------+------------+
; Slack  ; From Node                        ; To Node                          ; Launch Clock ; Latch Clock ; Relationship ; Clock Skew ; Data Delay ;
+--------+----------------------------------+----------------------------------+--------------+-------------+--------------+------------+------------+
; -8.142 ; clk_div:clk_div_ins|tick_cnt[18] ; clk_div:clk_div_ins|tick_cnt[26] ; clk_in       ; clk_in      ; 1.000        ; 0.000      ; 8.809      ;
; -8.075 ; clk_div:clk_div_ins|tick_cnt[6]  ; clk_div:clk_div_ins|tick_cnt[26] ; clk_in       ; clk_in      ; 1.000        ; 0.000      ; 8.742      ;
; -8.055 ; clk_div:clk_div_ins|tick_cnt[11] ; clk_div:clk_div_ins|tick_cnt[26] ; clk_in       ; clk_in      ; 1.000        ; 0.000      ; 8.722      ;
; -7.918 ; clk_div:clk_div_ins|tick_cnt[7]  ; clk_div:clk_div_ins|tick_cnt[16] ; clk_in       ; clk_in      ; 1.000        ; 0.000      ; 8.585      ;
; -7.917 ; clk_div:clk_div_ins|tick_cnt[7]  ; clk_div:clk_div_ins|tick_cnt[24] ; clk_in       ; clk_in      ; 1.000        ; 0.000      ; 8.584      ;
; -7.916 ; clk_div:clk_div_ins|tick_cnt[18] ; clk_div:clk_div_ins|tick_cnt[25] ; clk_in       ; clk_in      ; 1.000        ; 0.000      ; 8.583      ;
; -7.894 ; clk_div:clk_div_ins|tick_cnt[8]  ; clk_div:clk_div_ins|tick_cnt[26] ; clk_in       ; clk_in      ; 1.000        ; 0.000      ; 8.561      ;
; -7.879 ; clk_div:clk_div_ins|tick_cnt[5]  ; clk_div:clk_div_ins|tick_cnt[26] ; clk_in       ; clk_in      ; 1.000        ; 0.000      ; 8.546      ;
; -7.849 ; clk_div:clk_div_ins|tick_cnt[6]  ; clk_div:clk_div_ins|tick_cnt[25] ; clk_in       ; clk_in      ; 1.000        ; 0.000      ; 8.516      ;
; -7.829 ; clk_div:clk_div_ins|tick_cnt[11] ; clk_div:clk_div_ins|tick_cnt[25] ; clk_in       ; clk_in      ; 1.000        ; 0.000      ; 8.496      ;
; -7.805 ; clk_div:clk_div_ins|tick_cnt[1]  ; clk_div:clk_div_ins|tick_cnt[16] ; clk_in       ; clk_in      ; 1.000        ; 0.000      ; 8.472      ;
; -7.804 ; clk_div:clk_div_ins|tick_cnt[1]  ; clk_div:clk_div_ins|tick_cnt[24] ; clk_in       ; clk_in      ; 1.000        ; 0.000      ; 8.471      ;
; -7.803 ; clk_div:clk_div_ins|tick_cnt[27] ; clk_div:clk_div_ins|tick_cnt[16] ; clk_in       ; clk_in      ; 1.000        ; 0.000      ; 8.470      ;
; -7.802 ; clk_div:clk_div_ins|tick_cnt[27] ; clk_div:clk_div_ins|tick_cnt[24] ; clk_in       ; clk_in      ; 1.000        ; 0.000      ; 8.469      ;
; -7.780 ; clk_div:clk_div_ins|tick_cnt[31] ; clk_div:clk_div_ins|tick_cnt[16] ; clk_in       ; clk_in      ; 1.000        ; 0.000      ; 8.447      ;
; -7.779 ; clk_div:clk_div_ins|tick_cnt[31] ; clk_div:clk_div_ins|tick_cnt[24] ; clk_in       ; clk_in      ; 1.000        ; 0.000      ; 8.446      ;
; -7.758 ; clk_div:clk_div_ins|tick_cnt[7]  ; clk_div:clk_div_ins|tick_cnt[26] ; clk_in       ; clk_in      ; 1.000        ; 0.000      ; 8.425      ;
; -7.739 ; clk_div:clk_div_ins|tick_cnt[20] ; clk_div:clk_div_ins|tick_cnt[26] ; clk_in       ; clk_in      ; 1.000        ; 0.000      ; 8.406      ;
; -7.730 ; clk_div:clk_div_ins|tick_cnt[8]  ; clk_div:clk_div_ins|tick_cnt[16] ; clk_in       ; clk_in      ; 1.000        ; 0.000      ; 8.397      ;
; -7.729 ; clk_div:clk_div_ins|tick_cnt[8]  ; clk_div:clk_div_ins|tick_cnt[24] ; clk_in       ; clk_in      ; 1.000        ; 0.000      ; 8.396      ;
; -7.710 ; clk_div:clk_div_ins|tick_cnt[18] ; clk_div:clk_div_ins|tick_cnt[21] ; clk_in       ; clk_in      ; 1.000        ; 0.000      ; 8.377      ;
; -7.693 ; clk_div:clk_div_ins|tick_cnt[14] ; clk_div:clk_div_ins|tick_cnt[16] ; clk_in       ; clk_in      ; 1.000        ; 0.000      ; 8.360      ;
; -7.692 ; clk_div:clk_div_ins|tick_cnt[6]  ; clk_div:clk_div_ins|tick_cnt[19] ; clk_in       ; clk_in      ; 1.000        ; 0.000      ; 8.359      ;
; -7.692 ; clk_div:clk_div_ins|tick_cnt[14] ; clk_div:clk_div_ins|tick_cnt[24] ; clk_in       ; clk_in      ; 1.000        ; 0.000      ; 8.359      ;
; -7.672 ; clk_div:clk_div_ins|tick_cnt[12] ; clk_div:clk_div_ins|tick_cnt[26] ; clk_in       ; clk_in      ; 1.000        ; 0.000      ; 8.339      ;
; -7.672 ; clk_div:clk_div_ins|tick_cnt[11] ; clk_div:clk_div_ins|tick_cnt[19] ; clk_in       ; clk_in      ; 1.000        ; 0.000      ; 8.339      ;
; -7.668 ; clk_div:clk_div_ins|tick_cnt[8]  ; clk_div:clk_div_ins|tick_cnt[25] ; clk_in       ; clk_in      ; 1.000        ; 0.000      ; 8.335      ;
; -7.653 ; clk_div:clk_div_ins|tick_cnt[5]  ; clk_div:clk_div_ins|tick_cnt[25] ; clk_in       ; clk_in      ; 1.000        ; 0.000      ; 8.320      ;
; -7.653 ; clk_div:clk_div_ins|tick_cnt[2]  ; clk_div:clk_div_ins|tick_cnt[16] ; clk_in       ; clk_in      ; 1.000        ; 0.000      ; 8.320      ;
; -7.652 ; clk_div:clk_div_ins|tick_cnt[2]  ; clk_div:clk_div_ins|tick_cnt[24] ; clk_in       ; clk_in      ; 1.000        ; 0.000      ; 8.319      ;
; -7.643 ; clk_div:clk_div_ins|tick_cnt[6]  ; clk_div:clk_div_ins|tick_cnt[21] ; clk_in       ; clk_in      ; 1.000        ; 0.000      ; 8.310      ;
; -7.627 ; clk_div:clk_div_ins|tick_cnt[14] ; clk_div:clk_div_ins|tick_cnt[26] ; clk_in       ; clk_in      ; 1.000        ; 0.000      ; 8.294      ;
; -7.623 ; clk_div:clk_div_ins|tick_cnt[11] ; clk_div:clk_div_ins|tick_cnt[21] ; clk_in       ; clk_in      ; 1.000        ; 0.000      ; 8.290      ;
; -7.570 ; clk_div:clk_div_ins|tick_cnt[22] ; clk_div:clk_div_ins|tick_cnt[16] ; clk_in       ; clk_in      ; 1.000        ; 0.000      ; 8.237      ;
; -7.569 ; clk_div:clk_div_ins|tick_cnt[22] ; clk_div:clk_div_ins|tick_cnt[24] ; clk_in       ; clk_in      ; 1.000        ; 0.000      ; 8.236      ;
; -7.543 ; clk_div:clk_div_ins|tick_cnt[9]  ; clk_div:clk_div_ins|tick_cnt[26] ; clk_in       ; clk_in      ; 1.000        ; 0.000      ; 8.210      ;
; -7.536 ; clk_div:clk_div_ins|tick_cnt[3]  ; clk_div:clk_div_ins|tick_cnt[16] ; clk_in       ; clk_in      ; 1.000        ; 0.000      ; 8.203      ;
; -7.535 ; clk_div:clk_div_ins|tick_cnt[23] ; clk_div:clk_div_ins|tick_cnt[26] ; clk_in       ; clk_in      ; 1.000        ; 0.000      ; 8.202      ;
; -7.535 ; clk_div:clk_div_ins|tick_cnt[3]  ; clk_div:clk_div_ins|tick_cnt[24] ; clk_in       ; clk_in      ; 1.000        ; 0.000      ; 8.202      ;
; -7.533 ; clk_div:clk_div_ins|tick_cnt[16] ; clk_div:clk_div_ins|tick_cnt[16] ; clk_in       ; clk_in      ; 1.000        ; 0.000      ; 8.200      ;
; -7.532 ; clk_div:clk_div_ins|tick_cnt[7]  ; clk_div:clk_div_ins|tick_cnt[25] ; clk_in       ; clk_in      ; 1.000        ; 0.000      ; 8.199      ;
; -7.532 ; clk_div:clk_div_ins|tick_cnt[16] ; clk_div:clk_div_ins|tick_cnt[24] ; clk_in       ; clk_in      ; 1.000        ; 0.000      ; 8.199      ;
; -7.513 ; clk_div:clk_div_ins|tick_cnt[20] ; clk_div:clk_div_ins|tick_cnt[25] ; clk_in       ; clk_in      ; 1.000        ; 0.000      ; 8.180      ;
; -7.511 ; clk_div:clk_div_ins|tick_cnt[8]  ; clk_div:clk_div_ins|tick_cnt[19] ; clk_in       ; clk_in      ; 1.000        ; 0.000      ; 8.178      ;
; -7.509 ; clk_div:clk_div_ins|tick_cnt[30] ; clk_div:clk_div_ins|tick_cnt[16] ; clk_in       ; clk_in      ; 1.000        ; 0.000      ; 8.176      ;
; -7.508 ; clk_div:clk_div_ins|tick_cnt[30] ; clk_div:clk_div_ins|tick_cnt[24] ; clk_in       ; clk_in      ; 1.000        ; 0.000      ; 8.175      ;
; -7.505 ; clk_div:clk_div_ins|tick_cnt[7]  ; clk_div:clk_div_ins|tick_cnt[21] ; clk_in       ; clk_in      ; 1.000        ; 0.000      ; 8.172      ;
; -7.504 ; clk_div:clk_div_ins|tick_cnt[7]  ; clk_div:clk_div_ins|tick_cnt[18] ; clk_in       ; clk_in      ; 1.000        ; 0.000      ; 8.171      ;
; -7.502 ; clk_div:clk_div_ins|tick_cnt[7]  ; clk_div:clk_div_ins|tick_cnt[13] ; clk_in       ; clk_in      ; 1.000        ; 0.000      ; 8.169      ;
; -7.500 ; clk_div:clk_div_ins|tick_cnt[7]  ; clk_div:clk_div_ins|tick_cnt[20] ; clk_in       ; clk_in      ; 1.000        ; 0.000      ; 8.167      ;
; -7.496 ; clk_div:clk_div_ins|tick_cnt[5]  ; clk_div:clk_div_ins|tick_cnt[19] ; clk_in       ; clk_in      ; 1.000        ; 0.000      ; 8.163      ;
; -7.495 ; clk_div:clk_div_ins|tick_cnt[7]  ; clk_div:clk_div_ins|tick_cnt[6]  ; clk_in       ; clk_in      ; 1.000        ; 0.000      ; 8.162      ;
; -7.495 ; clk_div:clk_div_ins|tick_cnt[7]  ; clk_div:clk_div_ins|tick_cnt[22] ; clk_in       ; clk_in      ; 1.000        ; 0.000      ; 8.162      ;
; -7.494 ; clk_div:clk_div_ins|tick_cnt[7]  ; clk_div:clk_div_ins|tick_cnt[19] ; clk_in       ; clk_in      ; 1.000        ; 0.000      ; 8.161      ;
; -7.483 ; clk_div:clk_div_ins|tick_cnt[10] ; clk_div:clk_div_ins|tick_cnt[26] ; clk_in       ; clk_in      ; 1.000        ; 0.000      ; 8.150      ;
; -7.472 ; clk_div:clk_div_ins|tick_cnt[6]  ; clk_div:clk_div_ins|tick_cnt[16] ; clk_in       ; clk_in      ; 1.000        ; 0.000      ; 8.139      ;
; -7.471 ; clk_div:clk_div_ins|tick_cnt[6]  ; clk_div:clk_div_ins|tick_cnt[24] ; clk_in       ; clk_in      ; 1.000        ; 0.000      ; 8.138      ;
; -7.462 ; clk_div:clk_div_ins|tick_cnt[8]  ; clk_div:clk_div_ins|tick_cnt[21] ; clk_in       ; clk_in      ; 1.000        ; 0.000      ; 8.129      ;
; -7.461 ; clk_div:clk_div_ins|tick_cnt[18] ; clk_div:clk_div_ins|tick_cnt[28] ; clk_in       ; clk_in      ; 1.000        ; 0.000      ; 8.128      ;
; -7.456 ; clk_div:clk_div_ins|tick_cnt[13] ; clk_div:clk_div_ins|tick_cnt[26] ; clk_in       ; clk_in      ; 1.000        ; 0.000      ; 8.123      ;
; -7.453 ; clk_div:clk_div_ins|tick_cnt[12] ; clk_div:clk_div_ins|tick_cnt[16] ; clk_in       ; clk_in      ; 1.000        ; 0.000      ; 8.120      ;
; -7.452 ; clk_div:clk_div_ins|tick_cnt[12] ; clk_div:clk_div_ins|tick_cnt[24] ; clk_in       ; clk_in      ; 1.000        ; 0.000      ; 8.119      ;
; -7.447 ; clk_div:clk_div_ins|tick_cnt[5]  ; clk_div:clk_div_ins|tick_cnt[21] ; clk_in       ; clk_in      ; 1.000        ; 0.000      ; 8.114      ;
; -7.446 ; clk_div:clk_div_ins|tick_cnt[12] ; clk_div:clk_div_ins|tick_cnt[25] ; clk_in       ; clk_in      ; 1.000        ; 0.000      ; 8.113      ;
; -7.444 ; clk_div:clk_div_ins|tick_cnt[1]  ; clk_div:clk_div_ins|tick_cnt[26] ; clk_in       ; clk_in      ; 1.000        ; 0.000      ; 8.111      ;
; -7.419 ; clk_div:clk_div_ins|tick_cnt[16] ; clk_div:clk_div_ins|tick_cnt[26] ; clk_in       ; clk_in      ; 1.000        ; 0.000      ; 8.086      ;
; -7.417 ; clk_div:clk_div_ins|tick_cnt[6]  ; clk_div:clk_div_ins|tick_cnt[11] ; clk_in       ; clk_in      ; 1.000        ; 0.000      ; 8.084      ;
; -7.410 ; clk_div:clk_div_ins|tick_cnt[3]  ; clk_div:clk_div_ins|tick_cnt[26] ; clk_in       ; clk_in      ; 1.000        ; 0.000      ; 8.077      ;
; -7.401 ; clk_div:clk_div_ins|tick_cnt[14] ; clk_div:clk_div_ins|tick_cnt[25] ; clk_in       ; clk_in      ; 1.000        ; 0.000      ; 8.068      ;
; -7.400 ; clk_div:clk_div_ins|tick_cnt[15] ; clk_div:clk_div_ins|tick_cnt[26] ; clk_in       ; clk_in      ; 1.000        ; 0.000      ; 8.067      ;
; -7.394 ; clk_div:clk_div_ins|tick_cnt[6]  ; clk_div:clk_div_ins|tick_cnt[28] ; clk_in       ; clk_in      ; 1.000        ; 0.000      ; 8.061      ;
; -7.392 ; clk_div:clk_div_ins|tick_cnt[1]  ; clk_div:clk_div_ins|tick_cnt[21] ; clk_in       ; clk_in      ; 1.000        ; 0.000      ; 8.059      ;
; -7.391 ; clk_div:clk_div_ins|tick_cnt[1]  ; clk_div:clk_div_ins|tick_cnt[18] ; clk_in       ; clk_in      ; 1.000        ; 0.000      ; 8.058      ;
; -7.390 ; clk_div:clk_div_ins|tick_cnt[27] ; clk_div:clk_div_ins|tick_cnt[21] ; clk_in       ; clk_in      ; 1.000        ; 0.000      ; 8.057      ;
; -7.389 ; clk_div:clk_div_ins|tick_cnt[27] ; clk_div:clk_div_ins|tick_cnt[18] ; clk_in       ; clk_in      ; 1.000        ; 0.000      ; 8.056      ;
; -7.389 ; clk_div:clk_div_ins|tick_cnt[1]  ; clk_div:clk_div_ins|tick_cnt[13] ; clk_in       ; clk_in      ; 1.000        ; 0.000      ; 8.056      ;
; -7.387 ; clk_div:clk_div_ins|tick_cnt[27] ; clk_div:clk_div_ins|tick_cnt[13] ; clk_in       ; clk_in      ; 1.000        ; 0.000      ; 8.054      ;
; -7.387 ; clk_div:clk_div_ins|tick_cnt[1]  ; clk_div:clk_div_ins|tick_cnt[20] ; clk_in       ; clk_in      ; 1.000        ; 0.000      ; 8.054      ;
; -7.385 ; clk_div:clk_div_ins|tick_cnt[27] ; clk_div:clk_div_ins|tick_cnt[20] ; clk_in       ; clk_in      ; 1.000        ; 0.000      ; 8.052      ;
; -7.382 ; clk_div:clk_div_ins|tick_cnt[1]  ; clk_div:clk_div_ins|tick_cnt[6]  ; clk_in       ; clk_in      ; 1.000        ; 0.000      ; 8.049      ;
; -7.382 ; clk_div:clk_div_ins|tick_cnt[1]  ; clk_div:clk_div_ins|tick_cnt[22] ; clk_in       ; clk_in      ; 1.000        ; 0.000      ; 8.049      ;
; -7.381 ; clk_div:clk_div_ins|tick_cnt[1]  ; clk_div:clk_div_ins|tick_cnt[19] ; clk_in       ; clk_in      ; 1.000        ; 0.000      ; 8.048      ;
; -7.380 ; clk_div:clk_div_ins|tick_cnt[27] ; clk_div:clk_div_ins|tick_cnt[6]  ; clk_in       ; clk_in      ; 1.000        ; 0.000      ; 8.047      ;
; -7.380 ; clk_div:clk_div_ins|tick_cnt[27] ; clk_div:clk_div_ins|tick_cnt[22] ; clk_in       ; clk_in      ; 1.000        ; 0.000      ; 8.047      ;
; -7.379 ; clk_div:clk_div_ins|tick_cnt[27] ; clk_div:clk_div_ins|tick_cnt[19] ; clk_in       ; clk_in      ; 1.000        ; 0.000      ; 8.046      ;
; -7.374 ; clk_div:clk_div_ins|tick_cnt[11] ; clk_div:clk_div_ins|tick_cnt[28] ; clk_in       ; clk_in      ; 1.000        ; 0.000      ; 8.041      ;
; -7.367 ; clk_div:clk_div_ins|tick_cnt[31] ; clk_div:clk_div_ins|tick_cnt[21] ; clk_in       ; clk_in      ; 1.000        ; 0.000      ; 8.034      ;
; -7.366 ; clk_div:clk_div_ins|tick_cnt[31] ; clk_div:clk_div_ins|tick_cnt[18] ; clk_in       ; clk_in      ; 1.000        ; 0.000      ; 8.033      ;
; -7.364 ; clk_div:clk_div_ins|tick_cnt[31] ; clk_div:clk_div_ins|tick_cnt[13] ; clk_in       ; clk_in      ; 1.000        ; 0.000      ; 8.031      ;
; -7.362 ; clk_div:clk_div_ins|tick_cnt[6]  ; clk_div:clk_div_ins|tick_cnt[15] ; clk_in       ; clk_in      ; 1.000        ; 0.000      ; 8.029      ;
; -7.362 ; clk_div:clk_div_ins|tick_cnt[31] ; clk_div:clk_div_ins|tick_cnt[20] ; clk_in       ; clk_in      ; 1.000        ; 0.000      ; 8.029      ;
; -7.357 ; clk_div:clk_div_ins|tick_cnt[31] ; clk_div:clk_div_ins|tick_cnt[6]  ; clk_in       ; clk_in      ; 1.000        ; 0.000      ; 8.024      ;
; -7.357 ; clk_div:clk_div_ins|tick_cnt[31] ; clk_div:clk_div_ins|tick_cnt[22] ; clk_in       ; clk_in      ; 1.000        ; 0.000      ; 8.024      ;
; -7.356 ; clk_div:clk_div_ins|tick_cnt[31] ; clk_div:clk_div_ins|tick_cnt[19] ; clk_in       ; clk_in      ; 1.000        ; 0.000      ; 8.023      ;
; -7.317 ; clk_div:clk_div_ins|tick_cnt[9]  ; clk_div:clk_div_ins|tick_cnt[25] ; clk_in       ; clk_in      ; 1.000        ; 0.000      ; 7.984      ;
; -7.316 ; clk_div:clk_div_ins|tick_cnt[8]  ; clk_div:clk_div_ins|tick_cnt[18] ; clk_in       ; clk_in      ; 1.000        ; 0.000      ; 7.983      ;
; -7.314 ; clk_div:clk_div_ins|tick_cnt[8]  ; clk_div:clk_div_ins|tick_cnt[13] ; clk_in       ; clk_in      ; 1.000        ; 0.000      ; 7.981      ;
; -7.312 ; clk_div:clk_div_ins|tick_cnt[8]  ; clk_div:clk_div_ins|tick_cnt[20] ; clk_in       ; clk_in      ; 1.000        ; 0.000      ; 7.979      ;
; -7.307 ; clk_div:clk_div_ins|tick_cnt[20] ; clk_div:clk_div_ins|tick_cnt[21] ; clk_in       ; clk_in      ; 1.000        ; 0.000      ; 7.974      ;
; -7.307 ; clk_div:clk_div_ins|tick_cnt[8]  ; clk_div:clk_div_ins|tick_cnt[6]  ; clk_in       ; clk_in      ; 1.000        ; 0.000      ; 7.974      ;
+--------+----------------------------------+----------------------------------+--------------+-------------+--------------+------------+------------+


+-------------------------------------------------------------------------------------------------------------------------------------------------------------------+
; Setup: 'clk_div:clk_div_ins|clk_out'                                                                                                                              ;
+--------+--------------------------+--------------------------+-----------------------------+-----------------------------+--------------+------------+------------+
; Slack  ; From Node                ; To Node                  ; Launch Clock                ; Latch Clock                 ; Relationship ; Clock Skew ; Data Delay ;
+--------+--------------------------+--------------------------+-----------------------------+-----------------------------+--------------+------------+------------+
; -5.086 ; timer_seq:seq0110|t[2]   ; timer_seq:seq0110|t[2]   ; clk_div:clk_div_ins|clk_out ; clk_div:clk_div_ins|clk_out ; 1.000        ; 0.000      ; 5.753      ;
; -5.082 ; timer_seq:seq0110|t[2]   ; timer_seq:seq0110|t[0]   ; clk_div:clk_div_ins|clk_out ; clk_div:clk_div_ins|clk_out ; 1.000        ; 0.000      ; 5.749      ;
; -4.969 ; timer_seq:seq0110|t[0]   ; timer_seq:seq0110|t[2]   ; clk_div:clk_div_ins|clk_out ; clk_div:clk_div_ins|clk_out ; 1.000        ; 0.000      ; 5.636      ;
; -4.965 ; timer_seq:seq0110|t[0]   ; timer_seq:seq0110|t[0]   ; clk_div:clk_div_ins|clk_out ; clk_div:clk_div_ins|clk_out ; 1.000        ; 0.000      ; 5.632      ;
; -4.839 ; timer_seq:seq0110|t[2]   ; timer_seq:seq0110|t[3]   ; clk_div:clk_div_ins|clk_out ; clk_div:clk_div_ins|clk_out ; 1.000        ; 0.000      ; 5.506      ;
; -4.830 ; timer_seq:seq0110|t[2]   ; timer_seq:seq0110|t[1]   ; clk_div:clk_div_ins|clk_out ; clk_div:clk_div_ins|clk_out ; 1.000        ; 0.000      ; 5.497      ;
; -4.751 ; timer_seq:seq0110|pre.S1 ; timer_seq:seq0110|t[2]   ; clk_div:clk_div_ins|clk_out ; clk_div:clk_div_ins|clk_out ; 1.000        ; 0.000      ; 5.418      ;
; -4.747 ; timer_seq:seq0110|pre.S1 ; timer_seq:seq0110|t[0]   ; clk_div:clk_div_ins|clk_out ; clk_div:clk_div_ins|clk_out ; 1.000        ; 0.000      ; 5.414      ;
; -4.729 ; timer_seq:seq0110|pre.S2 ; timer_seq:seq0110|t[2]   ; clk_div:clk_div_ins|clk_out ; clk_div:clk_div_ins|clk_out ; 1.000        ; 0.000      ; 5.396      ;
; -4.725 ; timer_seq:seq0110|pre.S2 ; timer_seq:seq0110|t[0]   ; clk_div:clk_div_ins|clk_out ; clk_div:clk_div_ins|clk_out ; 1.000        ; 0.000      ; 5.392      ;
; -4.722 ; timer_seq:seq0110|t[0]   ; timer_seq:seq0110|t[3]   ; clk_div:clk_div_ins|clk_out ; clk_div:clk_div_ins|clk_out ; 1.000        ; 0.000      ; 5.389      ;
; -4.718 ; timer_seq:seq0110|t[2]   ; timer_seq:seq0110|pre.S0 ; clk_div:clk_div_ins|clk_out ; clk_div:clk_div_ins|clk_out ; 1.000        ; 0.000      ; 5.385      ;
; -4.713 ; timer_seq:seq0110|t[0]   ; timer_seq:seq0110|t[1]   ; clk_div:clk_div_ins|clk_out ; clk_div:clk_div_ins|clk_out ; 1.000        ; 0.000      ; 5.380      ;
; -4.700 ; timer_seq:seq0110|t[3]   ; timer_seq:seq0110|t[2]   ; clk_div:clk_div_ins|clk_out ; clk_div:clk_div_ins|clk_out ; 1.000        ; 0.000      ; 5.367      ;
; -4.696 ; timer_seq:seq0110|t[3]   ; timer_seq:seq0110|t[0]   ; clk_div:clk_div_ins|clk_out ; clk_div:clk_div_ins|clk_out ; 1.000        ; 0.000      ; 5.363      ;
; -4.601 ; timer_seq:seq0110|t[0]   ; timer_seq:seq0110|pre.S0 ; clk_div:clk_div_ins|clk_out ; clk_div:clk_div_ins|clk_out ; 1.000        ; 0.000      ; 5.268      ;
; -4.504 ; timer_seq:seq0110|pre.S1 ; timer_seq:seq0110|t[3]   ; clk_div:clk_div_ins|clk_out ; clk_div:clk_div_ins|clk_out ; 1.000        ; 0.000      ; 5.171      ;
; -4.495 ; timer_seq:seq0110|pre.S1 ; timer_seq:seq0110|t[1]   ; clk_div:clk_div_ins|clk_out ; clk_div:clk_div_ins|clk_out ; 1.000        ; 0.000      ; 5.162      ;
; -4.482 ; timer_seq:seq0110|pre.S2 ; timer_seq:seq0110|t[3]   ; clk_div:clk_div_ins|clk_out ; clk_div:clk_div_ins|clk_out ; 1.000        ; 0.000      ; 5.149      ;
; -4.473 ; timer_seq:seq0110|pre.S2 ; timer_seq:seq0110|t[1]   ; clk_div:clk_div_ins|clk_out ; clk_div:clk_div_ins|clk_out ; 1.000        ; 0.000      ; 5.140      ;
; -4.453 ; timer_seq:seq0110|t[3]   ; timer_seq:seq0110|t[3]   ; clk_div:clk_div_ins|clk_out ; clk_div:clk_div_ins|clk_out ; 1.000        ; 0.000      ; 5.120      ;
; -4.444 ; timer_seq:seq0110|t[3]   ; timer_seq:seq0110|t[1]   ; clk_div:clk_div_ins|clk_out ; clk_div:clk_div_ins|clk_out ; 1.000        ; 0.000      ; 5.111      ;
; -4.260 ; timer_seq:seq0110|pre.S0 ; timer_seq:seq0110|t[2]   ; clk_div:clk_div_ins|clk_out ; clk_div:clk_div_ins|clk_out ; 1.000        ; 0.000      ; 4.927      ;
; -4.256 ; timer_seq:seq0110|pre.S0 ; timer_seq:seq0110|t[0]   ; clk_div:clk_div_ins|clk_out ; clk_div:clk_div_ins|clk_out ; 1.000        ; 0.000      ; 4.923      ;
; -4.188 ; timer_seq:seq0110|t[3]   ; timer_seq:seq0110|pre.S0 ; clk_div:clk_div_ins|clk_out ; clk_div:clk_div_ins|clk_out ; 1.000        ; 0.000      ; 4.855      ;
; -4.134 ; timer_seq:seq0110|t[2]   ; timer_seq:seq0110|pre.S2 ; clk_div:clk_div_ins|clk_out ; clk_div:clk_div_ins|clk_out ; 1.000        ; 0.000      ; 4.801      ;
; -4.017 ; timer_seq:seq0110|t[0]   ; timer_seq:seq0110|pre.S2 ; clk_div:clk_div_ins|clk_out ; clk_div:clk_div_ins|clk_out ; 1.000        ; 0.000      ; 4.684      ;
; -4.013 ; timer_seq:seq0110|pre.S0 ; timer_seq:seq0110|t[3]   ; clk_div:clk_div_ins|clk_out ; clk_div:clk_div_ins|clk_out ; 1.000        ; 0.000      ; 4.680      ;
; -4.004 ; timer_seq:seq0110|pre.S0 ; timer_seq:seq0110|t[1]   ; clk_div:clk_div_ins|clk_out ; clk_div:clk_div_ins|clk_out ; 1.000        ; 0.000      ; 4.671      ;
; -3.690 ; timer_seq:seq0110|t[3]   ; timer_seq:seq0110|pre.S2 ; clk_div:clk_div_ins|clk_out ; clk_div:clk_div_ins|clk_out ; 1.000        ; 0.000      ; 4.357      ;
; -3.513 ; timer_seq:seq0110|t[2]   ; timer_seq:seq0110|pre.S1 ; clk_div:clk_div_ins|clk_out ; clk_div:clk_div_ins|clk_out ; 1.000        ; 0.000      ; 4.180      ;
; -3.396 ; timer_seq:seq0110|t[0]   ; timer_seq:seq0110|pre.S1 ; clk_div:clk_div_ins|clk_out ; clk_div:clk_div_ins|clk_out ; 1.000        ; 0.000      ; 4.063      ;
; -3.384 ; timer_seq:seq0110|pre.S1 ; timer_seq:seq0110|pre.S2 ; clk_div:clk_div_ins|clk_out ; clk_div:clk_div_ins|clk_out ; 1.000        ; 0.000      ; 4.051      ;
; -3.362 ; timer_seq:seq0110|t[2]   ; timer_seq:seq0110|pre.S3 ; clk_div:clk_div_ins|clk_out ; clk_div:clk_div_ins|clk_out ; 1.000        ; 0.000      ; 4.029      ;
; -3.179 ; timer_seq:seq0110|t[3]   ; timer_seq:seq0110|pre.S3 ; clk_div:clk_div_ins|clk_out ; clk_div:clk_div_ins|clk_out ; 1.000        ; 0.000      ; 3.846      ;
; -3.042 ; timer_seq:seq0110|t[0]   ; timer_seq:seq0110|pre.S3 ; clk_div:clk_div_ins|clk_out ; clk_div:clk_div_ins|clk_out ; 1.000        ; 0.000      ; 3.709      ;
; -2.826 ; timer_seq:seq0110|t[3]   ; timer_seq:seq0110|pre.S1 ; clk_div:clk_div_ins|clk_out ; clk_div:clk_div_ins|clk_out ; 1.000        ; 0.000      ; 3.493      ;
; -2.630 ; timer_seq:seq0110|pre.S3 ; timer_seq:seq0110|pre.S0 ; clk_div:clk_div_ins|clk_out ; clk_div:clk_div_ins|clk_out ; 1.000        ; 0.000      ; 3.297      ;
; -2.209 ; timer_seq:seq0110|pre.S0 ; timer_seq:seq0110|pre.S1 ; clk_div:clk_div_ins|clk_out ; clk_div:clk_div_ins|clk_out ; 1.000        ; 0.000      ; 2.876      ;
; -2.175 ; timer_seq:seq0110|pre.S2 ; timer_seq:seq0110|pre.S0 ; clk_div:clk_div_ins|clk_out ; clk_div:clk_div_ins|clk_out ; 1.000        ; 0.000      ; 2.842      ;
; -2.121 ; timer_seq:seq0110|pre.S1 ; timer_seq:seq0110|pre.S1 ; clk_div:clk_div_ins|clk_out ; clk_div:clk_div_ins|clk_out ; 1.000        ; 0.000      ; 2.788      ;
; -1.847 ; timer_seq:seq0110|pre.S0 ; timer_seq:seq0110|pre.S0 ; clk_div:clk_div_ins|clk_out ; clk_div:clk_div_ins|clk_out ; 1.000        ; 0.000      ; 2.514      ;
; -1.727 ; timer_seq:seq0110|pre.S3 ; timer_seq:seq0110|pre.S3 ; clk_div:clk_div_ins|clk_out ; clk_div:clk_div_ins|clk_out ; 1.000        ; 0.000      ; 2.394      ;
; -1.557 ; timer_seq:seq0110|pre.S2 ; timer_seq:seq0110|pre.S2 ; clk_div:clk_div_ins|clk_out ; clk_div:clk_div_ins|clk_out ; 1.000        ; 0.000      ; 2.224      ;
; 0.333  ; timer_seq:seq0110|t[1]   ; timer_seq:seq0110|t[2]   ; timer_seq:seq0110|t[1]      ; clk_div:clk_div_ins|clk_out ; 0.500        ; 4.794      ; 5.004      ;
; 0.337  ; timer_seq:seq0110|t[1]   ; timer_seq:seq0110|t[0]   ; timer_seq:seq0110|t[1]      ; clk_div:clk_div_ins|clk_out ; 0.500        ; 4.794      ; 5.000      ;
; 0.580  ; timer_seq:seq0110|t[1]   ; timer_seq:seq0110|t[3]   ; timer_seq:seq0110|t[1]      ; clk_div:clk_div_ins|clk_out ; 0.500        ; 4.794      ; 4.757      ;
; 0.589  ; timer_seq:seq0110|t[1]   ; timer_seq:seq0110|t[1]   ; timer_seq:seq0110|t[1]      ; clk_div:clk_div_ins|clk_out ; 0.500        ; 4.794      ; 4.748      ;
; 0.833  ; timer_seq:seq0110|t[1]   ; timer_seq:seq0110|t[2]   ; timer_seq:seq0110|t[1]      ; clk_div:clk_div_ins|clk_out ; 1.000        ; 4.794      ; 5.004      ;
; 0.837  ; timer_seq:seq0110|t[1]   ; timer_seq:seq0110|t[0]   ; timer_seq:seq0110|t[1]      ; clk_div:clk_div_ins|clk_out ; 1.000        ; 4.794      ; 5.000      ;
; 1.021  ; timer_seq:seq0110|t[1]   ; timer_seq:seq0110|pre.S0 ; timer_seq:seq0110|t[1]      ; clk_div:clk_div_ins|clk_out ; 0.500        ; 4.794      ; 4.316      ;
; 1.080  ; timer_seq:seq0110|t[1]   ; timer_seq:seq0110|t[3]   ; timer_seq:seq0110|t[1]      ; clk_div:clk_div_ins|clk_out ; 1.000        ; 4.794      ; 4.757      ;
; 1.089  ; timer_seq:seq0110|t[1]   ; timer_seq:seq0110|t[1]   ; timer_seq:seq0110|t[1]      ; clk_div:clk_div_ins|clk_out ; 1.000        ; 4.794      ; 4.748      ;
; 1.521  ; timer_seq:seq0110|t[1]   ; timer_seq:seq0110|pre.S0 ; timer_seq:seq0110|t[1]      ; clk_div:clk_div_ins|clk_out ; 1.000        ; 4.794      ; 4.316      ;
; 1.605  ; timer_seq:seq0110|t[1]   ; timer_seq:seq0110|pre.S2 ; timer_seq:seq0110|t[1]      ; clk_div:clk_div_ins|clk_out ; 0.500        ; 4.794      ; 3.732      ;
; 2.105  ; timer_seq:seq0110|t[1]   ; timer_seq:seq0110|pre.S2 ; timer_seq:seq0110|t[1]      ; clk_div:clk_div_ins|clk_out ; 1.000        ; 4.794      ; 3.732      ;
; 2.226  ; timer_seq:seq0110|t[1]   ; timer_seq:seq0110|pre.S1 ; timer_seq:seq0110|t[1]      ; clk_div:clk_div_ins|clk_out ; 0.500        ; 4.794      ; 3.111      ;
; 2.726  ; timer_seq:seq0110|t[1]   ; timer_seq:seq0110|pre.S1 ; timer_seq:seq0110|t[1]      ; clk_div:clk_div_ins|clk_out ; 1.000        ; 4.794      ; 3.111      ;
; 2.732  ; timer_seq:seq0110|t[1]   ; timer_seq:seq0110|pre.S3 ; timer_seq:seq0110|t[1]      ; clk_div:clk_div_ins|clk_out ; 0.500        ; 4.794      ; 2.605      ;
; 3.232  ; timer_seq:seq0110|t[1]   ; timer_seq:seq0110|pre.S3 ; timer_seq:seq0110|t[1]      ; clk_div:clk_div_ins|clk_out ; 1.000        ; 4.794      ; 2.605      ;
+--------+--------------------------+--------------------------+-----------------------------+-----------------------------+--------------+------------+------------+


+--------------------------------------------------------------------------------------------------------------------------------------------------------------+
; Setup: 'timer_seq:seq0110|t[1]'                                                                                                                              ;
+--------+------------------------+----------------------------+-----------------------------+------------------------+--------------+------------+------------+
; Slack  ; From Node              ; To Node                    ; Launch Clock                ; Latch Clock            ; Relationship ; Clock Skew ; Data Delay ;
+--------+------------------------+----------------------------+-----------------------------+------------------------+--------------+------------+------------+
; -2.231 ; timer_seq:seq0110|t[0] ; bcd_7seg:seg7_timer|hex[4] ; clk_div:clk_div_ins|clk_out ; timer_seq:seq0110|t[1] ; 0.500        ; 2.299      ; 3.209      ;
; -2.207 ; timer_seq:seq0110|t[0] ; bcd_7seg:seg7_timer|hex[5] ; clk_div:clk_div_ins|clk_out ; timer_seq:seq0110|t[1] ; 0.500        ; 2.724      ; 3.426      ;
; -2.204 ; timer_seq:seq0110|t[3] ; bcd_7seg:seg7_timer|hex[5] ; clk_div:clk_div_ins|clk_out ; timer_seq:seq0110|t[1] ; 0.500        ; 2.724      ; 3.423      ;
; -2.112 ; timer_seq:seq0110|t[2] ; bcd_7seg:seg7_timer|hex[1] ; clk_div:clk_div_ins|clk_out ; timer_seq:seq0110|t[1] ; 0.500        ; 2.833      ; 3.002      ;
; -2.058 ; timer_seq:seq0110|t[2] ; bcd_7seg:seg7_timer|hex[2] ; clk_div:clk_div_ins|clk_out ; timer_seq:seq0110|t[1] ; 0.500        ; 2.717      ; 3.236      ;
; -2.021 ; timer_seq:seq0110|t[2] ; bcd_7seg:seg7_timer|hex[5] ; clk_div:clk_div_ins|clk_out ; timer_seq:seq0110|t[1] ; 0.500        ; 2.724      ; 3.240      ;
; -2.020 ; timer_seq:seq0110|t[3] ; bcd_7seg:seg7_timer|hex[6] ; clk_div:clk_div_ins|clk_out ; timer_seq:seq0110|t[1] ; 0.500        ; 2.722      ; 3.200      ;
; -2.011 ; timer_seq:seq0110|t[0] ; bcd_7seg:seg7_timer|hex[6] ; clk_div:clk_div_ins|clk_out ; timer_seq:seq0110|t[1] ; 0.500        ; 2.722      ; 3.191      ;
; -1.949 ; timer_seq:seq0110|t[0] ; bcd_7seg:seg7_timer|hex[1] ; clk_div:clk_div_ins|clk_out ; timer_seq:seq0110|t[1] ; 0.500        ; 2.833      ; 2.839      ;
; -1.943 ; timer_seq:seq0110|t[3] ; bcd_7seg:seg7_timer|hex[0] ; clk_div:clk_div_ins|clk_out ; timer_seq:seq0110|t[1] ; 0.500        ; 2.834      ; 3.222      ;
; -1.858 ; timer_seq:seq0110|t[2] ; bcd_7seg:seg7_timer|hex[4] ; clk_div:clk_div_ins|clk_out ; timer_seq:seq0110|t[1] ; 0.500        ; 2.299      ; 2.836      ;
; -1.831 ; timer_seq:seq0110|t[2] ; bcd_7seg:seg7_timer|hex[6] ; clk_div:clk_div_ins|clk_out ; timer_seq:seq0110|t[1] ; 0.500        ; 2.722      ; 3.011      ;
; -1.793 ; timer_seq:seq0110|t[0] ; bcd_7seg:seg7_timer|hex[0] ; clk_div:clk_div_ins|clk_out ; timer_seq:seq0110|t[1] ; 0.500        ; 2.834      ; 3.072      ;
; -1.731 ; timer_seq:seq0110|t[0] ; bcd_7seg:seg7_timer|hex[2] ; clk_div:clk_div_ins|clk_out ; timer_seq:seq0110|t[1] ; 0.500        ; 2.717      ; 2.909      ;
; -1.291 ; timer_seq:seq0110|t[2] ; bcd_7seg:seg7_timer|hex[3] ; clk_div:clk_div_ins|clk_out ; timer_seq:seq0110|t[1] ; 0.500        ; 2.833      ; 2.599      ;
; -1.230 ; timer_seq:seq0110|t[2] ; bcd_7seg:seg7_timer|hex[0] ; clk_div:clk_div_ins|clk_out ; timer_seq:seq0110|t[1] ; 0.500        ; 2.834      ; 2.509      ;
; -1.134 ; timer_seq:seq0110|t[0] ; bcd_7seg:seg7_timer|hex[3] ; clk_div:clk_div_ins|clk_out ; timer_seq:seq0110|t[1] ; 0.500        ; 2.833      ; 2.442      ;
; 2.162  ; timer_seq:seq0110|t[1] ; bcd_7seg:seg7_timer|hex[0] ; timer_seq:seq0110|t[1]      ; timer_seq:seq0110|t[1] ; 0.500        ; 7.628      ; 4.287      ;
; 2.195  ; timer_seq:seq0110|t[1] ; bcd_7seg:seg7_timer|hex[2] ; timer_seq:seq0110|t[1]      ; timer_seq:seq0110|t[1] ; 0.500        ; 7.511      ; 4.153      ;
; 2.263  ; timer_seq:seq0110|t[1] ; bcd_7seg:seg7_timer|hex[4] ; timer_seq:seq0110|t[1]      ; timer_seq:seq0110|t[1] ; 0.500        ; 7.093      ; 3.885      ;
; 2.590  ; timer_seq:seq0110|t[1] ; bcd_7seg:seg7_timer|hex[5] ; timer_seq:seq0110|t[1]      ; timer_seq:seq0110|t[1] ; 0.500        ; 7.518      ; 3.799      ;
; 2.662  ; timer_seq:seq0110|t[1] ; bcd_7seg:seg7_timer|hex[0] ; timer_seq:seq0110|t[1]      ; timer_seq:seq0110|t[1] ; 1.000        ; 7.628      ; 4.287      ;
; 2.695  ; timer_seq:seq0110|t[1] ; bcd_7seg:seg7_timer|hex[2] ; timer_seq:seq0110|t[1]      ; timer_seq:seq0110|t[1] ; 1.000        ; 7.511      ; 4.153      ;
; 2.763  ; timer_seq:seq0110|t[1] ; bcd_7seg:seg7_timer|hex[4] ; timer_seq:seq0110|t[1]      ; timer_seq:seq0110|t[1] ; 1.000        ; 7.093      ; 3.885      ;
; 2.792  ; timer_seq:seq0110|t[1] ; bcd_7seg:seg7_timer|hex[6] ; timer_seq:seq0110|t[1]      ; timer_seq:seq0110|t[1] ; 0.500        ; 7.516      ; 3.558      ;
; 3.090  ; timer_seq:seq0110|t[1] ; bcd_7seg:seg7_timer|hex[5] ; timer_seq:seq0110|t[1]      ; timer_seq:seq0110|t[1] ; 1.000        ; 7.518      ; 3.799      ;
; 3.091  ; timer_seq:seq0110|t[1] ; bcd_7seg:seg7_timer|hex[1] ; timer_seq:seq0110|t[1]      ; timer_seq:seq0110|t[1] ; 0.500        ; 7.627      ; 2.969      ;
; 3.292  ; timer_seq:seq0110|t[1] ; bcd_7seg:seg7_timer|hex[6] ; timer_seq:seq0110|t[1]      ; timer_seq:seq0110|t[1] ; 1.000        ; 7.516      ; 3.558      ;
; 3.591  ; timer_seq:seq0110|t[1] ; bcd_7seg:seg7_timer|hex[1] ; timer_seq:seq0110|t[1]      ; timer_seq:seq0110|t[1] ; 1.000        ; 7.627      ; 2.969      ;
; 3.909  ; timer_seq:seq0110|t[1] ; bcd_7seg:seg7_timer|hex[3] ; timer_seq:seq0110|t[1]      ; timer_seq:seq0110|t[1] ; 0.500        ; 7.627      ; 2.569      ;
; 4.409  ; timer_seq:seq0110|t[1] ; bcd_7seg:seg7_timer|hex[3] ; timer_seq:seq0110|t[1]      ; timer_seq:seq0110|t[1] ; 1.000        ; 7.627      ; 2.569      ;
+--------+------------------------+----------------------------+-----------------------------+------------------------+--------------+------------+------------+


+--------------------------------------------------------------------------------------------------------------------------------------------------------------+
; Hold: 'timer_seq:seq0110|t[1]'                                                                                                                               ;
+--------+------------------------+----------------------------+-----------------------------+------------------------+--------------+------------+------------+
; Slack  ; From Node              ; To Node                    ; Launch Clock                ; Latch Clock            ; Relationship ; Clock Skew ; Data Delay ;
+--------+------------------------+----------------------------+-----------------------------+------------------------+--------------+------------+------------+
; -5.434 ; timer_seq:seq0110|t[1] ; bcd_7seg:seg7_timer|hex[3] ; timer_seq:seq0110|t[1]      ; timer_seq:seq0110|t[1] ; 0.000        ; 7.627      ; 2.569      ;
; -5.034 ; timer_seq:seq0110|t[1] ; bcd_7seg:seg7_timer|hex[1] ; timer_seq:seq0110|t[1]      ; timer_seq:seq0110|t[1] ; 0.000        ; 7.627      ; 2.969      ;
; -4.934 ; timer_seq:seq0110|t[1] ; bcd_7seg:seg7_timer|hex[3] ; timer_seq:seq0110|t[1]      ; timer_seq:seq0110|t[1] ; -0.500       ; 7.627      ; 2.569      ;
; -4.534 ; timer_seq:seq0110|t[1] ; bcd_7seg:seg7_timer|hex[1] ; timer_seq:seq0110|t[1]      ; timer_seq:seq0110|t[1] ; -0.500       ; 7.627      ; 2.969      ;
; -4.334 ; timer_seq:seq0110|t[1] ; bcd_7seg:seg7_timer|hex[6] ; timer_seq:seq0110|t[1]      ; timer_seq:seq0110|t[1] ; 0.000        ; 7.516      ; 3.558      ;
; -4.095 ; timer_seq:seq0110|t[1] ; bcd_7seg:seg7_timer|hex[5] ; timer_seq:seq0110|t[1]      ; timer_seq:seq0110|t[1] ; 0.000        ; 7.518      ; 3.799      ;
; -3.834 ; timer_seq:seq0110|t[1] ; bcd_7seg:seg7_timer|hex[6] ; timer_seq:seq0110|t[1]      ; timer_seq:seq0110|t[1] ; -0.500       ; 7.516      ; 3.558      ;
; -3.734 ; timer_seq:seq0110|t[1] ; bcd_7seg:seg7_timer|hex[2] ; timer_seq:seq0110|t[1]      ; timer_seq:seq0110|t[1] ; 0.000        ; 7.511      ; 4.153      ;
; -3.717 ; timer_seq:seq0110|t[1] ; bcd_7seg:seg7_timer|hex[0] ; timer_seq:seq0110|t[1]      ; timer_seq:seq0110|t[1] ; 0.000        ; 7.628      ; 4.287      ;
; -3.595 ; timer_seq:seq0110|t[1] ; bcd_7seg:seg7_timer|hex[5] ; timer_seq:seq0110|t[1]      ; timer_seq:seq0110|t[1] ; -0.500       ; 7.518      ; 3.799      ;
; -3.584 ; timer_seq:seq0110|t[1] ; bcd_7seg:seg7_timer|hex[4] ; timer_seq:seq0110|t[1]      ; timer_seq:seq0110|t[1] ; 0.000        ; 7.093      ; 3.885      ;
; -3.234 ; timer_seq:seq0110|t[1] ; bcd_7seg:seg7_timer|hex[2] ; timer_seq:seq0110|t[1]      ; timer_seq:seq0110|t[1] ; -0.500       ; 7.511      ; 4.153      ;
; -3.217 ; timer_seq:seq0110|t[1] ; bcd_7seg:seg7_timer|hex[0] ; timer_seq:seq0110|t[1]      ; timer_seq:seq0110|t[1] ; -0.500       ; 7.628      ; 4.287      ;
; -3.084 ; timer_seq:seq0110|t[1] ; bcd_7seg:seg7_timer|hex[4] ; timer_seq:seq0110|t[1]      ; timer_seq:seq0110|t[1] ; -0.500       ; 7.093      ; 3.885      ;
; 0.109  ; timer_seq:seq0110|t[0] ; bcd_7seg:seg7_timer|hex[3] ; clk_div:clk_div_ins|clk_out ; timer_seq:seq0110|t[1] ; -0.500       ; 2.833      ; 2.442      ;
; 0.175  ; timer_seq:seq0110|t[2] ; bcd_7seg:seg7_timer|hex[0] ; clk_div:clk_div_ins|clk_out ; timer_seq:seq0110|t[1] ; -0.500       ; 2.834      ; 2.509      ;
; 0.266  ; timer_seq:seq0110|t[2] ; bcd_7seg:seg7_timer|hex[3] ; clk_div:clk_div_ins|clk_out ; timer_seq:seq0110|t[1] ; -0.500       ; 2.833      ; 2.599      ;
; 0.506  ; timer_seq:seq0110|t[0] ; bcd_7seg:seg7_timer|hex[1] ; clk_div:clk_div_ins|clk_out ; timer_seq:seq0110|t[1] ; -0.500       ; 2.833      ; 2.839      ;
; 0.669  ; timer_seq:seq0110|t[2] ; bcd_7seg:seg7_timer|hex[1] ; clk_div:clk_div_ins|clk_out ; timer_seq:seq0110|t[1] ; -0.500       ; 2.833      ; 3.002      ;
; 0.692  ; timer_seq:seq0110|t[0] ; bcd_7seg:seg7_timer|hex[2] ; clk_div:clk_div_ins|clk_out ; timer_seq:seq0110|t[1] ; -0.500       ; 2.717      ; 2.909      ;
; 0.738  ; timer_seq:seq0110|t[0] ; bcd_7seg:seg7_timer|hex[0] ; clk_div:clk_div_ins|clk_out ; timer_seq:seq0110|t[1] ; -0.500       ; 2.834      ; 3.072      ;
; 0.789  ; timer_seq:seq0110|t[2] ; bcd_7seg:seg7_timer|hex[6] ; clk_div:clk_div_ins|clk_out ; timer_seq:seq0110|t[1] ; -0.500       ; 2.722      ; 3.011      ;
; 0.888  ; timer_seq:seq0110|t[3] ; bcd_7seg:seg7_timer|hex[0] ; clk_div:clk_div_ins|clk_out ; timer_seq:seq0110|t[1] ; -0.500       ; 2.834      ; 3.222      ;
; 0.969  ; timer_seq:seq0110|t[0] ; bcd_7seg:seg7_timer|hex[6] ; clk_div:clk_div_ins|clk_out ; timer_seq:seq0110|t[1] ; -0.500       ; 2.722      ; 3.191      ;
; 0.978  ; timer_seq:seq0110|t[3] ; bcd_7seg:seg7_timer|hex[6] ; clk_div:clk_div_ins|clk_out ; timer_seq:seq0110|t[1] ; -0.500       ; 2.722      ; 3.200      ;
; 1.016  ; timer_seq:seq0110|t[2] ; bcd_7seg:seg7_timer|hex[5] ; clk_div:clk_div_ins|clk_out ; timer_seq:seq0110|t[1] ; -0.500       ; 2.724      ; 3.240      ;
; 1.019  ; timer_seq:seq0110|t[2] ; bcd_7seg:seg7_timer|hex[2] ; clk_div:clk_div_ins|clk_out ; timer_seq:seq0110|t[1] ; -0.500       ; 2.717      ; 3.236      ;
; 1.037  ; timer_seq:seq0110|t[2] ; bcd_7seg:seg7_timer|hex[4] ; clk_div:clk_div_ins|clk_out ; timer_seq:seq0110|t[1] ; -0.500       ; 2.299      ; 2.836      ;
; 1.199  ; timer_seq:seq0110|t[3] ; bcd_7seg:seg7_timer|hex[5] ; clk_div:clk_div_ins|clk_out ; timer_seq:seq0110|t[1] ; -0.500       ; 2.724      ; 3.423      ;
; 1.202  ; timer_seq:seq0110|t[0] ; bcd_7seg:seg7_timer|hex[5] ; clk_div:clk_div_ins|clk_out ; timer_seq:seq0110|t[1] ; -0.500       ; 2.724      ; 3.426      ;
; 1.410  ; timer_seq:seq0110|t[0] ; bcd_7seg:seg7_timer|hex[4] ; clk_div:clk_div_ins|clk_out ; timer_seq:seq0110|t[1] ; -0.500       ; 2.299      ; 3.209      ;
+--------+------------------------+----------------------------+-----------------------------+------------------------+--------------+------------+------------+


+-------------------------------------------------------------------------------------------------------------------------------------------------------------------+
; Hold: 'clk_div:clk_div_ins|clk_out'                                                                                                                               ;
+--------+--------------------------+--------------------------+-----------------------------+-----------------------------+--------------+------------+------------+
; Slack  ; From Node                ; To Node                  ; Launch Clock                ; Latch Clock                 ; Relationship ; Clock Skew ; Data Delay ;
+--------+--------------------------+--------------------------+-----------------------------+-----------------------------+--------------+------------+------------+
; -3.040 ; timer_seq:seq0110|t[1]   ; timer_seq:seq0110|t[1]   ; timer_seq:seq0110|t[1]      ; clk_div:clk_div_ins|clk_out ; 0.000        ; 4.794      ; 2.351      ;
; -2.786 ; timer_seq:seq0110|t[1]   ; timer_seq:seq0110|pre.S3 ; timer_seq:seq0110|t[1]      ; clk_div:clk_div_ins|clk_out ; 0.000        ; 4.794      ; 2.605      ;
; -2.540 ; timer_seq:seq0110|t[1]   ; timer_seq:seq0110|t[1]   ; timer_seq:seq0110|t[1]      ; clk_div:clk_div_ins|clk_out ; -0.500       ; 4.794      ; 2.351      ;
; -2.297 ; timer_seq:seq0110|t[1]   ; timer_seq:seq0110|pre.S1 ; timer_seq:seq0110|t[1]      ; clk_div:clk_div_ins|clk_out ; 0.000        ; 4.794      ; 3.094      ;
; -2.286 ; timer_seq:seq0110|t[1]   ; timer_seq:seq0110|pre.S3 ; timer_seq:seq0110|t[1]      ; clk_div:clk_div_ins|clk_out ; -0.500       ; 4.794      ; 2.605      ;
; -2.192 ; timer_seq:seq0110|t[1]   ; timer_seq:seq0110|pre.S2 ; timer_seq:seq0110|t[1]      ; clk_div:clk_div_ins|clk_out ; 0.000        ; 4.794      ; 3.199      ;
; -2.124 ; timer_seq:seq0110|t[1]   ; timer_seq:seq0110|t[3]   ; timer_seq:seq0110|t[1]      ; clk_div:clk_div_ins|clk_out ; 0.000        ; 4.794      ; 3.267      ;
; -1.797 ; timer_seq:seq0110|t[1]   ; timer_seq:seq0110|pre.S1 ; timer_seq:seq0110|t[1]      ; clk_div:clk_div_ins|clk_out ; -0.500       ; 4.794      ; 3.094      ;
; -1.794 ; timer_seq:seq0110|t[1]   ; timer_seq:seq0110|t[2]   ; timer_seq:seq0110|t[1]      ; clk_div:clk_div_ins|clk_out ; 0.000        ; 4.794      ; 3.597      ;
; -1.692 ; timer_seq:seq0110|t[1]   ; timer_seq:seq0110|pre.S2 ; timer_seq:seq0110|t[1]      ; clk_div:clk_div_ins|clk_out ; -0.500       ; 4.794      ; 3.199      ;
; -1.651 ; timer_seq:seq0110|t[1]   ; timer_seq:seq0110|pre.S0 ; timer_seq:seq0110|t[1]      ; clk_div:clk_div_ins|clk_out ; 0.000        ; 4.794      ; 3.740      ;
; -1.624 ; timer_seq:seq0110|t[1]   ; timer_seq:seq0110|t[3]   ; timer_seq:seq0110|t[1]      ; clk_div:clk_div_ins|clk_out ; -0.500       ; 4.794      ; 3.267      ;
; -1.294 ; timer_seq:seq0110|t[1]   ; timer_seq:seq0110|t[2]   ; timer_seq:seq0110|t[1]      ; clk_div:clk_div_ins|clk_out ; -0.500       ; 4.794      ; 3.597      ;
; -1.151 ; timer_seq:seq0110|t[1]   ; timer_seq:seq0110|pre.S0 ; timer_seq:seq0110|t[1]      ; clk_div:clk_div_ins|clk_out ; -0.500       ; 4.794      ; 3.740      ;
; -0.711 ; timer_seq:seq0110|t[1]   ; timer_seq:seq0110|t[0]   ; timer_seq:seq0110|t[1]      ; clk_div:clk_div_ins|clk_out ; 0.000        ; 4.794      ; 4.680      ;
; -0.211 ; timer_seq:seq0110|t[1]   ; timer_seq:seq0110|t[0]   ; timer_seq:seq0110|t[1]      ; clk_div:clk_div_ins|clk_out ; -0.500       ; 4.794      ; 4.680      ;
; 1.995  ; timer_seq:seq0110|t[0]   ; timer_seq:seq0110|t[0]   ; clk_div:clk_div_ins|clk_out ; clk_div:clk_div_ins|clk_out ; 0.000        ; 0.000      ; 2.216      ;
; 2.001  ; timer_seq:seq0110|t[0]   ; timer_seq:seq0110|t[2]   ; clk_div:clk_div_ins|clk_out ; clk_div:clk_div_ins|clk_out ; 0.000        ; 0.000      ; 2.222      ;
; 2.003  ; timer_seq:seq0110|pre.S2 ; timer_seq:seq0110|pre.S2 ; clk_div:clk_div_ins|clk_out ; clk_div:clk_div_ins|clk_out ; 0.000        ; 0.000      ; 2.224      ;
; 2.173  ; timer_seq:seq0110|pre.S3 ; timer_seq:seq0110|pre.S3 ; clk_div:clk_div_ins|clk_out ; clk_div:clk_div_ins|clk_out ; 0.000        ; 0.000      ; 2.394      ;
; 2.188  ; timer_seq:seq0110|t[2]   ; timer_seq:seq0110|t[2]   ; clk_div:clk_div_ins|clk_out ; clk_div:clk_div_ins|clk_out ; 0.000        ; 0.000      ; 2.409      ;
; 2.293  ; timer_seq:seq0110|pre.S0 ; timer_seq:seq0110|pre.S0 ; clk_div:clk_div_ins|clk_out ; clk_div:clk_div_ins|clk_out ; 0.000        ; 0.000      ; 2.514      ;
; 2.567  ; timer_seq:seq0110|pre.S1 ; timer_seq:seq0110|pre.S1 ; clk_div:clk_div_ins|clk_out ; clk_div:clk_div_ins|clk_out ; 0.000        ; 0.000      ; 2.788      ;
; 2.621  ; timer_seq:seq0110|pre.S2 ; timer_seq:seq0110|pre.S0 ; clk_div:clk_div_ins|clk_out ; clk_div:clk_div_ins|clk_out ; 0.000        ; 0.000      ; 2.842      ;
; 2.655  ; timer_seq:seq0110|pre.S0 ; timer_seq:seq0110|pre.S1 ; clk_div:clk_div_ins|clk_out ; clk_div:clk_div_ins|clk_out ; 0.000        ; 0.000      ; 2.876      ;
; 3.076  ; timer_seq:seq0110|pre.S3 ; timer_seq:seq0110|pre.S0 ; clk_div:clk_div_ins|clk_out ; clk_div:clk_div_ins|clk_out ; 0.000        ; 0.000      ; 3.297      ;
; 3.099  ; timer_seq:seq0110|t[0]   ; timer_seq:seq0110|pre.S1 ; clk_div:clk_div_ins|clk_out ; clk_div:clk_div_ins|clk_out ; 0.000        ; 0.000      ; 3.320      ;
; 3.229  ; timer_seq:seq0110|t[3]   ; timer_seq:seq0110|t[3]   ; clk_div:clk_div_ins|clk_out ; clk_div:clk_div_ins|clk_out ; 0.000        ; 0.000      ; 3.450      ;
; 3.236  ; timer_seq:seq0110|t[3]   ; timer_seq:seq0110|pre.S1 ; clk_div:clk_div_ins|clk_out ; clk_div:clk_div_ins|clk_out ; 0.000        ; 0.000      ; 3.457      ;
; 3.241  ; timer_seq:seq0110|t[0]   ; timer_seq:seq0110|t[1]   ; clk_div:clk_div_ins|clk_out ; clk_div:clk_div_ins|clk_out ; 0.000        ; 0.000      ; 3.462      ;
; 3.313  ; timer_seq:seq0110|t[2]   ; timer_seq:seq0110|t[3]   ; clk_div:clk_div_ins|clk_out ; clk_div:clk_div_ins|clk_out ; 0.000        ; 0.000      ; 3.534      ;
; 3.419  ; timer_seq:seq0110|t[2]   ; timer_seq:seq0110|pre.S1 ; clk_div:clk_div_ins|clk_out ; clk_div:clk_div_ins|clk_out ; 0.000        ; 0.000      ; 3.640      ;
; 3.488  ; timer_seq:seq0110|t[0]   ; timer_seq:seq0110|pre.S3 ; clk_div:clk_div_ins|clk_out ; clk_div:clk_div_ins|clk_out ; 0.000        ; 0.000      ; 3.709      ;
; 3.625  ; timer_seq:seq0110|t[3]   ; timer_seq:seq0110|pre.S3 ; clk_div:clk_div_ins|clk_out ; clk_div:clk_div_ins|clk_out ; 0.000        ; 0.000      ; 3.846      ;
; 3.808  ; timer_seq:seq0110|t[2]   ; timer_seq:seq0110|pre.S3 ; clk_div:clk_div_ins|clk_out ; clk_div:clk_div_ins|clk_out ; 0.000        ; 0.000      ; 4.029      ;
; 3.830  ; timer_seq:seq0110|pre.S1 ; timer_seq:seq0110|pre.S2 ; clk_div:clk_div_ins|clk_out ; clk_div:clk_div_ins|clk_out ; 0.000        ; 0.000      ; 4.051      ;
; 3.893  ; timer_seq:seq0110|t[3]   ; timer_seq:seq0110|pre.S2 ; clk_div:clk_div_ins|clk_out ; clk_div:clk_div_ins|clk_out ; 0.000        ; 0.000      ; 4.114      ;
; 3.901  ; timer_seq:seq0110|t[3]   ; timer_seq:seq0110|pre.S0 ; clk_div:clk_div_ins|clk_out ; clk_div:clk_div_ins|clk_out ; 0.000        ; 0.000      ; 4.122      ;
; 3.999  ; timer_seq:seq0110|t[0]   ; timer_seq:seq0110|pre.S2 ; clk_div:clk_div_ins|clk_out ; clk_div:clk_div_ins|clk_out ; 0.000        ; 0.000      ; 4.220      ;
; 4.042  ; timer_seq:seq0110|t[0]   ; timer_seq:seq0110|t[3]   ; clk_div:clk_div_ins|clk_out ; clk_div:clk_div_ins|clk_out ; 0.000        ; 0.000      ; 4.263      ;
; 4.221  ; timer_seq:seq0110|pre.S1 ; timer_seq:seq0110|t[1]   ; clk_div:clk_div_ins|clk_out ; clk_div:clk_div_ins|clk_out ; 0.000        ; 0.000      ; 4.442      ;
; 4.230  ; timer_seq:seq0110|pre.S1 ; timer_seq:seq0110|t[3]   ; clk_div:clk_div_ins|clk_out ; clk_div:clk_div_ins|clk_out ; 0.000        ; 0.000      ; 4.451      ;
; 4.319  ; timer_seq:seq0110|t[2]   ; timer_seq:seq0110|pre.S2 ; clk_div:clk_div_ins|clk_out ; clk_div:clk_div_ins|clk_out ; 0.000        ; 0.000      ; 4.540      ;
; 4.450  ; timer_seq:seq0110|pre.S0 ; timer_seq:seq0110|t[1]   ; clk_div:clk_div_ins|clk_out ; clk_div:clk_div_ins|clk_out ; 0.000        ; 0.000      ; 4.671      ;
; 4.459  ; timer_seq:seq0110|pre.S0 ; timer_seq:seq0110|t[3]   ; clk_div:clk_div_ins|clk_out ; clk_div:clk_div_ins|clk_out ; 0.000        ; 0.000      ; 4.680      ;
; 4.471  ; timer_seq:seq0110|t[0]   ; timer_seq:seq0110|pre.S0 ; clk_div:clk_div_ins|clk_out ; clk_div:clk_div_ins|clk_out ; 0.000        ; 0.000      ; 4.692      ;
; 4.473  ; timer_seq:seq0110|pre.S1 ; timer_seq:seq0110|t[0]   ; clk_div:clk_div_ins|clk_out ; clk_div:clk_div_ins|clk_out ; 0.000        ; 0.000      ; 4.694      ;
; 4.477  ; timer_seq:seq0110|pre.S1 ; timer_seq:seq0110|t[2]   ; clk_div:clk_div_ins|clk_out ; clk_div:clk_div_ins|clk_out ; 0.000        ; 0.000      ; 4.698      ;
; 4.588  ; timer_seq:seq0110|t[2]   ; timer_seq:seq0110|pre.S0 ; clk_div:clk_div_ins|clk_out ; clk_div:clk_div_ins|clk_out ; 0.000        ; 0.000      ; 4.809      ;
; 4.589  ; timer_seq:seq0110|t[3]   ; timer_seq:seq0110|t[1]   ; clk_div:clk_div_ins|clk_out ; clk_div:clk_div_ins|clk_out ; 0.000        ; 0.000      ; 4.810      ;
; 4.702  ; timer_seq:seq0110|pre.S0 ; timer_seq:seq0110|t[0]   ; clk_div:clk_div_ins|clk_out ; clk_div:clk_div_ins|clk_out ; 0.000        ; 0.000      ; 4.923      ;
; 4.706  ; timer_seq:seq0110|pre.S0 ; timer_seq:seq0110|t[2]   ; clk_div:clk_div_ins|clk_out ; clk_div:clk_div_ins|clk_out ; 0.000        ; 0.000      ; 4.927      ;
; 4.841  ; timer_seq:seq0110|t[3]   ; timer_seq:seq0110|t[0]   ; clk_div:clk_div_ins|clk_out ; clk_div:clk_div_ins|clk_out ; 0.000        ; 0.000      ; 5.062      ;
; 4.845  ; timer_seq:seq0110|t[3]   ; timer_seq:seq0110|t[2]   ; clk_div:clk_div_ins|clk_out ; clk_div:clk_div_ins|clk_out ; 0.000        ; 0.000      ; 5.066      ;
; 4.919  ; timer_seq:seq0110|pre.S2 ; timer_seq:seq0110|t[1]   ; clk_div:clk_div_ins|clk_out ; clk_div:clk_div_ins|clk_out ; 0.000        ; 0.000      ; 5.140      ;
; 4.928  ; timer_seq:seq0110|pre.S2 ; timer_seq:seq0110|t[3]   ; clk_div:clk_div_ins|clk_out ; clk_div:clk_div_ins|clk_out ; 0.000        ; 0.000      ; 5.149      ;
; 5.073  ; timer_seq:seq0110|t[2]   ; timer_seq:seq0110|t[1]   ; clk_div:clk_div_ins|clk_out ; clk_div:clk_div_ins|clk_out ; 0.000        ; 0.000      ; 5.294      ;
; 5.171  ; timer_seq:seq0110|pre.S2 ; timer_seq:seq0110|t[0]   ; clk_div:clk_div_ins|clk_out ; clk_div:clk_div_ins|clk_out ; 0.000        ; 0.000      ; 5.392      ;
; 5.175  ; timer_seq:seq0110|pre.S2 ; timer_seq:seq0110|t[2]   ; clk_div:clk_div_ins|clk_out ; clk_div:clk_div_ins|clk_out ; 0.000        ; 0.000      ; 5.396      ;
; 5.325  ; timer_seq:seq0110|t[2]   ; timer_seq:seq0110|t[0]   ; clk_div:clk_div_ins|clk_out ; clk_div:clk_div_ins|clk_out ; 0.000        ; 0.000      ; 5.546      ;
+--------+--------------------------+--------------------------+-----------------------------+-----------------------------+--------------+------------+------------+


+-------------------------------------------------------------------------------------------------------------------------------------------------------------------+
; Hold: 'clk_in'                                                                                                                                                    ;
+--------+----------------------------------+----------------------------------+-----------------------------+-------------+--------------+------------+------------+
; Slack  ; From Node                        ; To Node                          ; Launch Clock                ; Latch Clock ; Relationship ; Clock Skew ; Data Delay ;
+--------+----------------------------------+----------------------------------+-----------------------------+-------------+--------------+------------+------------+
; -0.935 ; clk_div:clk_div_ins|clk_out      ; clk_div:clk_div_ins|clk_out      ; clk_div:clk_div_ins|clk_out ; clk_in      ; 0.000        ; 3.348      ; 3.010      ;
; -0.435 ; clk_div:clk_div_ins|clk_out      ; clk_div:clk_div_ins|clk_out      ; clk_div:clk_div_ins|clk_out ; clk_in      ; -0.500       ; 3.348      ; 3.010      ;
; 1.683  ; clk_div:clk_div_ins|clk_led      ; clk_div:clk_div_ins|clk_led      ; clk_in                      ; clk_in      ; 0.000        ; 0.000      ; 1.904      ;
; 2.849  ; clk_div:clk_div_ins|tick_cnt[31] ; clk_div:clk_div_ins|tick_cnt[31] ; clk_in                      ; clk_in      ; 0.000        ; 0.000      ; 3.070      ;
; 2.864  ; clk_div:clk_div_ins|tick_cnt[0]  ; clk_div:clk_div_ins|tick_cnt[0]  ; clk_in                      ; clk_in      ; 0.000        ; 0.000      ; 3.085      ;
; 2.884  ; clk_div:clk_div_ins|tick_cnt[2]  ; clk_div:clk_div_ins|tick_cnt[2]  ; clk_in                      ; clk_in      ; 0.000        ; 0.000      ; 3.105      ;
; 2.994  ; clk_div:clk_div_ins|tick_cnt[30] ; clk_div:clk_div_ins|tick_cnt[30] ; clk_in                      ; clk_in      ; 0.000        ; 0.000      ; 3.215      ;
; 3.031  ; clk_div:clk_div_ins|tick_cnt[1]  ; clk_div:clk_div_ins|tick_cnt[1]  ; clk_in                      ; clk_in      ; 0.000        ; 0.000      ; 3.252      ;
; 3.098  ; clk_div:clk_div_ins|tick_cnt[27] ; clk_div:clk_div_ins|tick_cnt[27] ; clk_in                      ; clk_in      ; 0.000        ; 0.000      ; 3.319      ;
; 3.665  ; clk_div:clk_div_ins|tick_cnt[17] ; clk_div:clk_div_ins|tick_cnt[17] ; clk_in                      ; clk_in      ; 0.000        ; 0.000      ; 3.886      ;
; 3.869  ; clk_div:clk_div_ins|tick_cnt[27] ; clk_div:clk_div_ins|tick_cnt[30] ; clk_in                      ; clk_in      ; 0.000        ; 0.000      ; 4.090      ;
; 3.875  ; clk_div:clk_div_ins|tick_cnt[4]  ; clk_div:clk_div_ins|tick_cnt[4]  ; clk_in                      ; clk_in      ; 0.000        ; 0.000      ; 4.096      ;
; 3.895  ; clk_div:clk_div_ins|tick_cnt[1]  ; clk_div:clk_div_ins|tick_cnt[2]  ; clk_in                      ; clk_in      ; 0.000        ; 0.000      ; 4.116      ;
; 3.913  ; clk_div:clk_div_ins|tick_cnt[29] ; clk_div:clk_div_ins|tick_cnt[29] ; clk_in                      ; clk_in      ; 0.000        ; 0.000      ; 4.134      ;
; 3.952  ; clk_div:clk_div_ins|tick_cnt[3]  ; clk_div:clk_div_ins|tick_cnt[3]  ; clk_in                      ; clk_in      ; 0.000        ; 0.000      ; 4.173      ;
; 3.980  ; clk_div:clk_div_ins|tick_cnt[30] ; clk_div:clk_div_ins|tick_cnt[31] ; clk_in                      ; clk_in      ; 0.000        ; 0.000      ; 4.201      ;
; 4.053  ; clk_div:clk_div_ins|tick_cnt[29] ; clk_div:clk_div_ins|tick_cnt[30] ; clk_in                      ; clk_in      ; 0.000        ; 0.000      ; 4.274      ;
; 4.058  ; clk_div:clk_div_ins|tick_cnt[0]  ; clk_div:clk_div_ins|tick_cnt[1]  ; clk_in                      ; clk_in      ; 0.000        ; 0.000      ; 4.279      ;
; 4.059  ; clk_div:clk_div_ins|tick_cnt[0]  ; clk_div:clk_div_ins|tick_cnt[2]  ; clk_in                      ; clk_in      ; 0.000        ; 0.000      ; 4.280      ;
; 4.140  ; clk_div:clk_div_ins|tick_cnt[27] ; clk_div:clk_div_ins|tick_cnt[31] ; clk_in                      ; clk_in      ; 0.000        ; 0.000      ; 4.361      ;
; 4.324  ; clk_div:clk_div_ins|tick_cnt[29] ; clk_div:clk_div_ins|tick_cnt[31] ; clk_in                      ; clk_in      ; 0.000        ; 0.000      ; 4.545      ;
; 4.342  ; clk_div:clk_div_ins|tick_cnt[2]  ; clk_div:clk_div_ins|tick_cnt[3]  ; clk_in                      ; clk_in      ; 0.000        ; 0.000      ; 4.563      ;
; 4.425  ; clk_div:clk_div_ins|tick_cnt[27] ; clk_div:clk_div_ins|tick_cnt[29] ; clk_in                      ; clk_in      ; 0.000        ; 0.000      ; 4.646      ;
; 4.582  ; clk_div:clk_div_ins|tick_cnt[27] ; clk_div:clk_div_ins|tick_cnt[28] ; clk_in                      ; clk_in      ; 0.000        ; 0.000      ; 4.803      ;
; 4.588  ; clk_div:clk_div_ins|tick_cnt[19] ; clk_div:clk_div_ins|tick_cnt[11] ; clk_in                      ; clk_in      ; 0.000        ; 0.000      ; 4.809      ;
; 4.635  ; clk_div:clk_div_ins|tick_cnt[0]  ; clk_div:clk_div_ins|tick_cnt[11] ; clk_in                      ; clk_in      ; 0.000        ; 0.000      ; 4.856      ;
; 4.657  ; clk_div:clk_div_ins|tick_cnt[1]  ; clk_div:clk_div_ins|tick_cnt[3]  ; clk_in                      ; clk_in      ; 0.000        ; 0.000      ; 4.878      ;
; 4.710  ; clk_div:clk_div_ins|tick_cnt[0]  ; clk_div:clk_div_ins|tick_cnt[3]  ; clk_in                      ; clk_in      ; 0.000        ; 0.000      ; 4.931      ;
; 4.741  ; clk_div:clk_div_ins|tick_cnt[25] ; clk_div:clk_div_ins|tick_cnt[11] ; clk_in                      ; clk_in      ; 0.000        ; 0.000      ; 4.962      ;
; 4.745  ; clk_div:clk_div_ins|tick_cnt[28] ; clk_div:clk_div_ins|tick_cnt[11] ; clk_in                      ; clk_in      ; 0.000        ; 0.000      ; 4.966      ;
; 4.764  ; clk_div:clk_div_ins|tick_cnt[28] ; clk_div:clk_div_ins|tick_cnt[30] ; clk_in                      ; clk_in      ; 0.000        ; 0.000      ; 4.985      ;
; 4.781  ; clk_div:clk_div_ins|tick_cnt[28] ; clk_div:clk_div_ins|tick_cnt[28] ; clk_in                      ; clk_in      ; 0.000        ; 0.000      ; 5.002      ;
; 4.822  ; clk_div:clk_div_ins|tick_cnt[2]  ; clk_div:clk_div_ins|tick_cnt[4]  ; clk_in                      ; clk_in      ; 0.000        ; 0.000      ; 5.043      ;
; 4.855  ; clk_div:clk_div_ins|tick_cnt[10] ; clk_div:clk_div_ins|tick_cnt[10] ; clk_in                      ; clk_in      ; 0.000        ; 0.000      ; 5.076      ;
; 4.931  ; clk_div:clk_div_ins|tick_cnt[18] ; clk_div:clk_div_ins|tick_cnt[11] ; clk_in                      ; clk_in      ; 0.000        ; 0.000      ; 5.152      ;
; 4.974  ; clk_div:clk_div_ins|tick_cnt[7]  ; clk_div:clk_div_ins|tick_cnt[7]  ; clk_in                      ; clk_in      ; 0.000        ; 0.000      ; 5.195      ;
; 5.000  ; clk_div:clk_div_ins|tick_cnt[26] ; clk_div:clk_div_ins|tick_cnt[27] ; clk_in                      ; clk_in      ; 0.000        ; 0.000      ; 5.221      ;
; 5.035  ; clk_div:clk_div_ins|tick_cnt[28] ; clk_div:clk_div_ins|tick_cnt[31] ; clk_in                      ; clk_in      ; 0.000        ; 0.000      ; 5.256      ;
; 5.056  ; clk_div:clk_div_ins|tick_cnt[19] ; clk_div:clk_div_ins|tick_cnt[14] ; clk_in                      ; clk_in      ; 0.000        ; 0.000      ; 5.277      ;
; 5.056  ; clk_div:clk_div_ins|tick_cnt[19] ; clk_div:clk_div_ins|tick_cnt[12] ; clk_in                      ; clk_in      ; 0.000        ; 0.000      ; 5.277      ;
; 5.075  ; clk_div:clk_div_ins|tick_cnt[26] ; clk_div:clk_div_ins|tick_cnt[30] ; clk_in                      ; clk_in      ; 0.000        ; 0.000      ; 5.296      ;
; 5.079  ; clk_div:clk_div_ins|tick_cnt[0]  ; clk_div:clk_div_ins|tick_cnt[4]  ; clk_in                      ; clk_in      ; 0.000        ; 0.000      ; 5.300      ;
; 5.103  ; clk_div:clk_div_ins|tick_cnt[0]  ; clk_div:clk_div_ins|tick_cnt[14] ; clk_in                      ; clk_in      ; 0.000        ; 0.000      ; 5.324      ;
; 5.103  ; clk_div:clk_div_ins|tick_cnt[0]  ; clk_div:clk_div_ins|tick_cnt[12] ; clk_in                      ; clk_in      ; 0.000        ; 0.000      ; 5.324      ;
; 5.128  ; clk_div:clk_div_ins|tick_cnt[3]  ; clk_div:clk_div_ins|tick_cnt[4]  ; clk_in                      ; clk_in      ; 0.000        ; 0.000      ; 5.349      ;
; 5.137  ; clk_div:clk_div_ins|tick_cnt[1]  ; clk_div:clk_div_ins|tick_cnt[4]  ; clk_in                      ; clk_in      ; 0.000        ; 0.000      ; 5.358      ;
; 5.152  ; clk_div:clk_div_ins|tick_cnt[17] ; clk_div:clk_div_ins|tick_cnt[31] ; clk_in                      ; clk_in      ; 0.000        ; 0.000      ; 5.373      ;
; 5.195  ; clk_div:clk_div_ins|tick_cnt[19] ; clk_div:clk_div_ins|clk_out      ; clk_in                      ; clk_in      ; 0.000        ; 0.000      ; 5.416      ;
; 5.195  ; clk_div:clk_div_ins|tick_cnt[19] ; clk_div:clk_div_ins|clk_led      ; clk_in                      ; clk_in      ; 0.000        ; 0.000      ; 5.416      ;
; 5.206  ; clk_div:clk_div_ins|tick_cnt[23] ; clk_div:clk_div_ins|tick_cnt[11] ; clk_in                      ; clk_in      ; 0.000        ; 0.000      ; 5.427      ;
; 5.209  ; clk_div:clk_div_ins|tick_cnt[25] ; clk_div:clk_div_ins|tick_cnt[14] ; clk_in                      ; clk_in      ; 0.000        ; 0.000      ; 5.430      ;
; 5.209  ; clk_div:clk_div_ins|tick_cnt[25] ; clk_div:clk_div_ins|tick_cnt[12] ; clk_in                      ; clk_in      ; 0.000        ; 0.000      ; 5.430      ;
; 5.213  ; clk_div:clk_div_ins|tick_cnt[28] ; clk_div:clk_div_ins|tick_cnt[14] ; clk_in                      ; clk_in      ; 0.000        ; 0.000      ; 5.434      ;
; 5.213  ; clk_div:clk_div_ins|tick_cnt[28] ; clk_div:clk_div_ins|tick_cnt[12] ; clk_in                      ; clk_in      ; 0.000        ; 0.000      ; 5.434      ;
; 5.235  ; clk_div:clk_div_ins|tick_cnt[16] ; clk_div:clk_div_ins|tick_cnt[16] ; clk_in                      ; clk_in      ; 0.000        ; 0.000      ; 5.456      ;
; 5.242  ; clk_div:clk_div_ins|tick_cnt[0]  ; clk_div:clk_div_ins|clk_out      ; clk_in                      ; clk_in      ; 0.000        ; 0.000      ; 5.463      ;
; 5.242  ; clk_div:clk_div_ins|tick_cnt[0]  ; clk_div:clk_div_ins|clk_led      ; clk_in                      ; clk_in      ; 0.000        ; 0.000      ; 5.463      ;
; 5.244  ; clk_div:clk_div_ins|tick_cnt[16] ; clk_div:clk_div_ins|tick_cnt[17] ; clk_in                      ; clk_in      ; 0.000        ; 0.000      ; 5.465      ;
; 5.273  ; clk_div:clk_div_ins|tick_cnt[15] ; clk_div:clk_div_ins|tick_cnt[11] ; clk_in                      ; clk_in      ; 0.000        ; 0.000      ; 5.494      ;
; 5.281  ; clk_div:clk_div_ins|tick_cnt[24] ; clk_div:clk_div_ins|tick_cnt[24] ; clk_in                      ; clk_in      ; 0.000        ; 0.000      ; 5.502      ;
; 5.290  ; clk_div:clk_div_ins|tick_cnt[9]  ; clk_div:clk_div_ins|tick_cnt[9]  ; clk_in                      ; clk_in      ; 0.000        ; 0.000      ; 5.511      ;
; 5.317  ; clk_div:clk_div_ins|tick_cnt[17] ; clk_div:clk_div_ins|tick_cnt[30] ; clk_in                      ; clk_in      ; 0.000        ; 0.000      ; 5.538      ;
; 5.320  ; clk_div:clk_div_ins|tick_cnt[28] ; clk_div:clk_div_ins|tick_cnt[29] ; clk_in                      ; clk_in      ; 0.000        ; 0.000      ; 5.541      ;
; 5.346  ; clk_div:clk_div_ins|tick_cnt[26] ; clk_div:clk_div_ins|tick_cnt[31] ; clk_in                      ; clk_in      ; 0.000        ; 0.000      ; 5.567      ;
; 5.348  ; clk_div:clk_div_ins|tick_cnt[25] ; clk_div:clk_div_ins|clk_out      ; clk_in                      ; clk_in      ; 0.000        ; 0.000      ; 5.569      ;
; 5.348  ; clk_div:clk_div_ins|tick_cnt[25] ; clk_div:clk_div_ins|clk_led      ; clk_in                      ; clk_in      ; 0.000        ; 0.000      ; 5.569      ;
; 5.352  ; clk_div:clk_div_ins|tick_cnt[28] ; clk_div:clk_div_ins|clk_out      ; clk_in                      ; clk_in      ; 0.000        ; 0.000      ; 5.573      ;
; 5.352  ; clk_div:clk_div_ins|tick_cnt[28] ; clk_div:clk_div_ins|clk_led      ; clk_in                      ; clk_in      ; 0.000        ; 0.000      ; 5.573      ;
; 5.368  ; clk_div:clk_div_ins|tick_cnt[12] ; clk_div:clk_div_ins|tick_cnt[12] ; clk_in                      ; clk_in      ; 0.000        ; 0.000      ; 5.589      ;
; 5.373  ; clk_div:clk_div_ins|tick_cnt[22] ; clk_div:clk_div_ins|tick_cnt[22] ; clk_in                      ; clk_in      ; 0.000        ; 0.000      ; 5.594      ;
; 5.386  ; clk_div:clk_div_ins|tick_cnt[14] ; clk_div:clk_div_ins|tick_cnt[14] ; clk_in                      ; clk_in      ; 0.000        ; 0.000      ; 5.607      ;
; 5.399  ; clk_div:clk_div_ins|tick_cnt[4]  ; clk_div:clk_div_ins|tick_cnt[10] ; clk_in                      ; clk_in      ; 0.000        ; 0.000      ; 5.620      ;
; 5.399  ; clk_div:clk_div_ins|tick_cnt[18] ; clk_div:clk_div_ins|tick_cnt[14] ; clk_in                      ; clk_in      ; 0.000        ; 0.000      ; 5.620      ;
; 5.399  ; clk_div:clk_div_ins|tick_cnt[18] ; clk_div:clk_div_ins|tick_cnt[12] ; clk_in                      ; clk_in      ; 0.000        ; 0.000      ; 5.620      ;
; 5.410  ; clk_div:clk_div_ins|tick_cnt[19] ; clk_div:clk_div_ins|tick_cnt[19] ; clk_in                      ; clk_in      ; 0.000        ; 0.000      ; 5.631      ;
; 5.411  ; clk_div:clk_div_ins|tick_cnt[19] ; clk_div:clk_div_ins|tick_cnt[6]  ; clk_in                      ; clk_in      ; 0.000        ; 0.000      ; 5.632      ;
; 5.411  ; clk_div:clk_div_ins|tick_cnt[19] ; clk_div:clk_div_ins|tick_cnt[22] ; clk_in                      ; clk_in      ; 0.000        ; 0.000      ; 5.632      ;
; 5.416  ; clk_div:clk_div_ins|tick_cnt[19] ; clk_div:clk_div_ins|tick_cnt[20] ; clk_in                      ; clk_in      ; 0.000        ; 0.000      ; 5.637      ;
; 5.418  ; clk_div:clk_div_ins|tick_cnt[19] ; clk_div:clk_div_ins|tick_cnt[13] ; clk_in                      ; clk_in      ; 0.000        ; 0.000      ; 5.639      ;
; 5.420  ; clk_div:clk_div_ins|tick_cnt[19] ; clk_div:clk_div_ins|tick_cnt[18] ; clk_in                      ; clk_in      ; 0.000        ; 0.000      ; 5.641      ;
; 5.421  ; clk_div:clk_div_ins|tick_cnt[19] ; clk_div:clk_div_ins|tick_cnt[21] ; clk_in                      ; clk_in      ; 0.000        ; 0.000      ; 5.642      ;
; 5.426  ; clk_div:clk_div_ins|tick_cnt[17] ; clk_div:clk_div_ins|tick_cnt[18] ; clk_in                      ; clk_in      ; 0.000        ; 0.000      ; 5.647      ;
; 5.449  ; clk_div:clk_div_ins|tick_cnt[10] ; clk_div:clk_div_ins|tick_cnt[11] ; clk_in                      ; clk_in      ; 0.000        ; 0.000      ; 5.670      ;
; 5.457  ; clk_div:clk_div_ins|tick_cnt[0]  ; clk_div:clk_div_ins|tick_cnt[19] ; clk_in                      ; clk_in      ; 0.000        ; 0.000      ; 5.678      ;
; 5.458  ; clk_div:clk_div_ins|tick_cnt[0]  ; clk_div:clk_div_ins|tick_cnt[6]  ; clk_in                      ; clk_in      ; 0.000        ; 0.000      ; 5.679      ;
; 5.458  ; clk_div:clk_div_ins|tick_cnt[0]  ; clk_div:clk_div_ins|tick_cnt[22] ; clk_in                      ; clk_in      ; 0.000        ; 0.000      ; 5.679      ;
; 5.463  ; clk_div:clk_div_ins|tick_cnt[0]  ; clk_div:clk_div_ins|tick_cnt[20] ; clk_in                      ; clk_in      ; 0.000        ; 0.000      ; 5.684      ;
; 5.465  ; clk_div:clk_div_ins|tick_cnt[0]  ; clk_div:clk_div_ins|tick_cnt[13] ; clk_in                      ; clk_in      ; 0.000        ; 0.000      ; 5.686      ;
; 5.466  ; clk_div:clk_div_ins|tick_cnt[5]  ; clk_div:clk_div_ins|tick_cnt[11] ; clk_in                      ; clk_in      ; 0.000        ; 0.000      ; 5.687      ;
; 5.467  ; clk_div:clk_div_ins|tick_cnt[0]  ; clk_div:clk_div_ins|tick_cnt[18] ; clk_in                      ; clk_in      ; 0.000        ; 0.000      ; 5.688      ;
; 5.468  ; clk_div:clk_div_ins|tick_cnt[4]  ; clk_div:clk_div_ins|tick_cnt[17] ; clk_in                      ; clk_in      ; 0.000        ; 0.000      ; 5.689      ;
; 5.468  ; clk_div:clk_div_ins|tick_cnt[0]  ; clk_div:clk_div_ins|tick_cnt[21] ; clk_in                      ; clk_in      ; 0.000        ; 0.000      ; 5.689      ;
; 5.471  ; clk_div:clk_div_ins|tick_cnt[25] ; clk_div:clk_div_ins|tick_cnt[31] ; clk_in                      ; clk_in      ; 0.000        ; 0.000      ; 5.692      ;
; 5.490  ; clk_div:clk_div_ins|tick_cnt[17] ; clk_div:clk_div_ins|tick_cnt[20] ; clk_in                      ; clk_in      ; 0.000        ; 0.000      ; 5.711      ;
; 5.490  ; clk_div:clk_div_ins|tick_cnt[4]  ; clk_div:clk_div_ins|tick_cnt[31] ; clk_in                      ; clk_in      ; 0.000        ; 0.000      ; 5.711      ;
; 5.538  ; clk_div:clk_div_ins|tick_cnt[18] ; clk_div:clk_div_ins|clk_out      ; clk_in                      ; clk_in      ; 0.000        ; 0.000      ; 5.759      ;
; 5.538  ; clk_div:clk_div_ins|tick_cnt[18] ; clk_div:clk_div_ins|clk_led      ; clk_in                      ; clk_in      ; 0.000        ; 0.000      ; 5.759      ;
; 5.543  ; clk_div:clk_div_ins|tick_cnt[4]  ; clk_div:clk_div_ins|tick_cnt[7]  ; clk_in                      ; clk_in      ; 0.000        ; 0.000      ; 5.764      ;
; 5.546  ; clk_div:clk_div_ins|tick_cnt[23] ; clk_div:clk_div_ins|tick_cnt[23] ; clk_in                      ; clk_in      ; 0.000        ; 0.000      ; 5.767      ;
; 5.551  ; clk_div:clk_div_ins|tick_cnt[26] ; clk_div:clk_div_ins|tick_cnt[26] ; clk_in                      ; clk_in      ; 0.000        ; 0.000      ; 5.772      ;
+--------+----------------------------------+----------------------------------+-----------------------------+-------------+--------------+------------+------------+


+-------------------------------------------------------------------------------------------------------+
; Setup Transfers                                                                                       ;
+-----------------------------+-----------------------------+----------+----------+----------+----------+
; From Clock                  ; To Clock                    ; RR Paths ; FR Paths ; RF Paths ; FF Paths ;
+-----------------------------+-----------------------------+----------+----------+----------+----------+
; clk_div:clk_div_ins|clk_out ; clk_div:clk_div_ins|clk_out ; 79       ; 0        ; 0        ; 0        ;
; timer_seq:seq0110|t[1]      ; clk_div:clk_div_ins|clk_out ; 19       ; 19       ; 0        ; 0        ;
; clk_div:clk_div_ins|clk_out ; clk_in                      ; 1        ; 1        ; 0        ; 0        ;
; clk_in                      ; clk_in                      ; 1361     ; 0        ; 0        ; 0        ;
; clk_div:clk_div_ins|clk_out ; timer_seq:seq0110|t[1]      ; 0        ; 0        ; 17       ; 0        ;
; timer_seq:seq0110|t[1]      ; timer_seq:seq0110|t[1]      ; 0        ; 0        ; 7        ; 7        ;
+-----------------------------+-----------------------------+----------+----------+----------+----------+
Entries labeled "false path" only account for clock-to-clock false paths and not path-based false paths. As a result, actual path counts may be lower than reported.


+-------------------------------------------------------------------------------------------------------+
; Hold Transfers                                                                                        ;
+-----------------------------+-----------------------------+----------+----------+----------+----------+
; From Clock                  ; To Clock                    ; RR Paths ; FR Paths ; RF Paths ; FF Paths ;
+-----------------------------+-----------------------------+----------+----------+----------+----------+
; clk_div:clk_div_ins|clk_out ; clk_div:clk_div_ins|clk_out ; 79       ; 0        ; 0        ; 0        ;
; timer_seq:seq0110|t[1]      ; clk_div:clk_div_ins|clk_out ; 19       ; 19       ; 0        ; 0        ;
; clk_div:clk_div_ins|clk_out ; clk_in                      ; 1        ; 1        ; 0        ; 0        ;
; clk_in                      ; clk_in                      ; 1361     ; 0        ; 0        ; 0        ;
; clk_div:clk_div_ins|clk_out ; timer_seq:seq0110|t[1]      ; 0        ; 0        ; 17       ; 0        ;
; timer_seq:seq0110|t[1]      ; timer_seq:seq0110|t[1]      ; 0        ; 0        ; 7        ; 7        ;
+-----------------------------+-----------------------------+----------+----------+----------+----------+
Entries labeled "false path" only account for clock-to-clock false paths and not path-based false paths. As a result, actual path counts may be lower than reported.


---------------
; Report TCCS ;
---------------
No dedicated SERDES Transmitter circuitry present in device or used in design


---------------
; Report RSKM ;
---------------
No non-DPA dedicated SERDES Receiver circuitry present in device or used in design


+------------------------------------------------+
; Unconstrained Paths Summary                    ;
+---------------------------------+-------+------+
; Property                        ; Setup ; Hold ;
+---------------------------------+-------+------+
; Illegal Clocks                  ; 0     ; 0    ;
; Unconstrained Clocks            ; 0     ; 0    ;
; Unconstrained Input Ports       ; 2     ; 2    ;
; Unconstrained Input Port Paths  ; 12    ; 12   ;
; Unconstrained Output Ports      ; 15    ; 15   ;
; Unconstrained Output Port Paths ; 26    ; 26   ;
+---------------------------------+-------+------+


+--------------------------------------------------------------------------------+
; Clock Status Summary                                                           ;
+-----------------------------+-----------------------------+------+-------------+
; Target                      ; Clock                       ; Type ; Status      ;
+-----------------------------+-----------------------------+------+-------------+
; clk_div:clk_div_ins|clk_out ; clk_div:clk_div_ins|clk_out ; Base ; Constrained ;
; clk_in                      ; clk_in                      ; Base ; Constrained ;
; timer_seq:seq0110|t[1]      ; timer_seq:seq0110|t[1]      ; Base ; Constrained ;
+-----------------------------+-----------------------------+------+-------------+


+---------------------------------------------------------------------------------------------------+
; Unconstrained Input Ports                                                                         ;
+------------+--------------------------------------------------------------------------------------+
; Input Port ; Comment                                                                              ;
+------------+--------------------------------------------------------------------------------------+
; ovr        ; No input delay, min/max delays, false-path exceptions, or max skew assignments found ;
; rst_n      ; No input delay, min/max delays, false-path exceptions, or max skew assignments found ;
+------------+--------------------------------------------------------------------------------------+


+------------------------------------------------------------------------------------------------------+
; Unconstrained Output Ports                                                                           ;
+--------------+---------------------------------------------------------------------------------------+
; Output Port  ; Comment                                                                               ;
+--------------+---------------------------------------------------------------------------------------+
; clk_led      ; No output delay, min/max delays, false-path exceptions, or max skew assignments found ;
; hex_state[0] ; No output delay, min/max delays, false-path exceptions, or max skew assignments found ;
; hex_state[2] ; No output delay, min/max delays, false-path exceptions, or max skew assignments found ;
; hex_state[3] ; No output delay, min/max delays, false-path exceptions, or max skew assignments found ;
; hex_state[4] ; No output delay, min/max delays, false-path exceptions, or max skew assignments found ;
; hex_state[5] ; No output delay, min/max delays, false-path exceptions, or max skew assignments found ;
; hex_state[6] ; No output delay, min/max delays, false-path exceptions, or max skew assignments found ;
; hex_timer[0] ; No output delay, min/max delays, false-path exceptions, or max skew assignments found ;
; hex_timer[1] ; No output delay, min/max delays, false-path exceptions, or max skew assignments found ;
; hex_timer[2] ; No output delay, min/max delays, false-path exceptions, or max skew assignments found ;
; hex_timer[3] ; No output delay, min/max delays, false-path exceptions, or max skew assignments found ;
; hex_timer[4] ; No output delay, min/max delays, false-path exceptions, or max skew assignments found ;
; hex_timer[5] ; No output delay, min/max delays, false-path exceptions, or max skew assignments found ;
; hex_timer[6] ; No output delay, min/max delays, false-path exceptions, or max skew assignments found ;
; out          ; No output delay, min/max delays, false-path exceptions, or max skew assignments found ;
+--------------+---------------------------------------------------------------------------------------+


+---------------------------------------------------------------------------------------------------+
; Unconstrained Input Ports                                                                         ;
+------------+--------------------------------------------------------------------------------------+
; Input Port ; Comment                                                                              ;
+------------+--------------------------------------------------------------------------------------+
; ovr        ; No input delay, min/max delays, false-path exceptions, or max skew assignments found ;
; rst_n      ; No input delay, min/max delays, false-path exceptions, or max skew assignments found ;
+------------+--------------------------------------------------------------------------------------+


+------------------------------------------------------------------------------------------------------+
; Unconstrained Output Ports                                                                           ;
+--------------+---------------------------------------------------------------------------------------+
; Output Port  ; Comment                                                                               ;
+--------------+---------------------------------------------------------------------------------------+
; clk_led      ; No output delay, min/max delays, false-path exceptions, or max skew assignments found ;
; hex_state[0] ; No output delay, min/max delays, false-path exceptions, or max skew assignments found ;
; hex_state[2] ; No output delay, min/max delays, false-path exceptions, or max skew assignments found ;
; hex_state[3] ; No output delay, min/max delays, false-path exceptions, or max skew assignments found ;
; hex_state[4] ; No output delay, min/max delays, false-path exceptions, or max skew assignments found ;
; hex_state[5] ; No output delay, min/max delays, false-path exceptions, or max skew assignments found ;
; hex_state[6] ; No output delay, min/max delays, false-path exceptions, or max skew assignments found ;
; hex_timer[0] ; No output delay, min/max delays, false-path exceptions, or max skew assignments found ;
; hex_timer[1] ; No output delay, min/max delays, false-path exceptions, or max skew assignments found ;
; hex_timer[2] ; No output delay, min/max delays, false-path exceptions, or max skew assignments found ;
; hex_timer[3] ; No output delay, min/max delays, false-path exceptions, or max skew assignments found ;
; hex_timer[4] ; No output delay, min/max delays, false-path exceptions, or max skew assignments found ;
; hex_timer[5] ; No output delay, min/max delays, false-path exceptions, or max skew assignments found ;
; hex_timer[6] ; No output delay, min/max delays, false-path exceptions, or max skew assignments found ;
; out          ; No output delay, min/max delays, false-path exceptions, or max skew assignments found ;
+--------------+---------------------------------------------------------------------------------------+


+--------------------------+
; Timing Analyzer Messages ;
+--------------------------+
Info: *******************************************************************
Info: Running Quartus Prime Timing Analyzer
    Info: Version 25.1std.0 Build 1129 10/21/2025 SC Lite Edition
    Info: Processing started: Thu May 14 12:09:55 2026
Info: Command: quartus_sta top_seq_timer -c top_seq_timer
Info: qsta_default_script.tcl version: #1
Warning (18236): Number of processors has not been specified which may cause overloading on shared machines.  Set the global assignment NUM_PARALLEL_PROCESSORS in your QSF to an appropriate value for best performance.
Info (20030): Parallel compilation is enabled and will use 16 of the 16 processors detected
Info (21077): Low junction temperature is 0 degrees C
Info (21077): High junction temperature is 85 degrees C
Info (334003): Started post-fitting delay annotation
Info (334004): Delay annotation completed successfully
Warning (335093): The Timing Analyzer is analyzing 7 combinational loops as latches. For more details, run the Check Timing command in the Timing Analyzer or view the "User-Specified and Inferred Latches" table in the Analysis & Synthesis report.
Critical Warning (332012): Synopsys Design Constraints File file not found: 'top_seq_timer.sdc'. A Synopsys Design Constraints File is required by the Timing Analyzer to get proper timing constraints. Without it, the Compiler will not properly optimize the design.
Info (332142): No user constrained base clocks found in the design. Calling "derive_clocks -period 1.0"
Info (332105): Deriving Clocks
    Info (332105): create_clock -period 1.000 -name timer_seq:seq0110|t[1] timer_seq:seq0110|t[1]
    Info (332105): create_clock -period 1.000 -name clk_div:clk_div_ins|clk_out clk_div:clk_div_ins|clk_out
    Info (332105): create_clock -period 1.000 -name clk_in clk_in
Info: Found TIMING_ANALYZER_REPORT_SCRIPT_INCLUDE_DEFAULT_ANALYSIS = ON
Info: Can't run Report Timing Closure Recommendations. The current device family is not supported.
Critical Warning (332148): Timing requirements not met
Info (332146): Worst-case setup slack is -8.142
    Info (332119):     Slack       End Point TNS Clock 
    Info (332119): ========= =================== =====================
    Info (332119):    -8.142            -225.807 clk_in 
    Info (332119):    -5.086             -35.564 clk_div:clk_div_ins|clk_out 
    Info (332119):    -2.231             -13.862 timer_seq:seq0110|t[1] 
Info (332146): Worst-case hold slack is -5.434
    Info (332119):     Slack       End Point TNS Clock 
    Info (332119): ========= =================== =====================
    Info (332119):    -5.434             -29.932 timer_seq:seq0110|t[1] 
    Info (332119):    -3.040             -16.595 clk_div:clk_div_ins|clk_out 
    Info (332119):    -0.935              -0.935 clk_in 
Info (332140): No Recovery paths to report
Info (332140): No Removal paths to report
Info (332146): Worst-case minimum pulse width slack is -2.289
    Info (332119):     Slack       End Point TNS Clock 
    Info (332119): ========= =================== =====================
    Info (332119):    -2.289              -2.289 clk_in 
    Info (332119):     0.234               0.000 clk_div:clk_div_ins|clk_out 
    Info (332119):     0.500               0.000 timer_seq:seq0110|t[1] 
Info (332001): The selected device family is not supported by the report_metastability command.
Info (332102): Design is not fully constrained for setup requirements
Info (332102): Design is not fully constrained for hold requirements
Info: Quartus Prime Timing Analyzer was successful. 0 errors, 4 warnings
    Info: Peak virtual memory: 4698 megabytes
    Info: Processing ended: Thu May 14 12:09:56 2026
    Info: Elapsed time: 00:00:01
    Info: Total CPU time (on all processors): 00:00:01


